Component: ARM Compiler 5.06 update 7 (build 960) Tool: armlink [4d3601]

==============================================================================

Section Cross References

    startup_stm32f103xb.o(RESET) refers to startup_stm32f103xb.o(STACK) for __initial_sp
    startup_stm32f103xb.o(RESET) refers to startup_stm32f103xb.o(.text) for Reset_Handler
    startup_stm32f103xb.o(RESET) refers to stm32f1xx_it.o(i.NMI_Handler) for NMI_Handler
    startup_stm32f103xb.o(RESET) refers to stm32f1xx_it.o(i.HardFault_Handler) for HardFault_Handler
    startup_stm32f103xb.o(RESET) refers to stm32f1xx_it.o(i.MemManage_Handler) for MemManage_Handler
    startup_stm32f103xb.o(RESET) refers to stm32f1xx_it.o(i.BusFault_Handler) for BusFault_Handler
    startup_stm32f103xb.o(RESET) refers to stm32f1xx_it.o(i.UsageFault_Handler) for UsageFault_Handler
    startup_stm32f103xb.o(RESET) refers to stm32f1xx_it.o(i.SVC_Handler) for SVC_Handler
    startup_stm32f103xb.o(RESET) refers to stm32f1xx_it.o(i.DebugMon_Handler) for DebugMon_Handler
    startup_stm32f103xb.o(RESET) refers to stm32f1xx_it.o(i.PendSV_Handler) for PendSV_Handler
    startup_stm32f103xb.o(RESET) refers to stm32f1xx_it.o(i.SysTick_Handler) for SysTick_Handler
    startup_stm32f103xb.o(RESET) refers to stm32f1xx_it.o(i.DMA1_Channel6_IRQHandler) for DMA1_Channel6_IRQHandler
    startup_stm32f103xb.o(RESET) refers to stm32f1xx_it.o(i.USB_LP_CAN1_RX0_IRQHandler) for USB_LP_CAN1_RX0_IRQHandler
    startup_stm32f103xb.o(RESET) refers to stm32f1xx_it.o(i.USART2_IRQHandler) for USART2_IRQHandler
    startup_stm32f103xb.o(.text) refers to system_stm32f1xx.o(i.SystemInit) for SystemInit
    startup_stm32f103xb.o(.text) refers to entry.o(.ARM.Collect$$$$00000000) for __main
    main.o(i.SystemClock_Config) refers to memseta.o(.text) for __aeabi_memclr4
    main.o(i.SystemClock_Config) refers to stm32f1xx_hal_rcc.o(i.HAL_RCC_OscConfig) for HAL_RCC_OscConfig
    main.o(i.SystemClock_Config) refers to stm32f1xx_hal_rcc.o(i.HAL_RCC_ClockConfig) for HAL_RCC_ClockConfig
    main.o(i.SystemClock_Config) refers to stm32f1xx_hal_rcc_ex.o(i.HAL_RCCEx_PeriphCLKConfig) for HAL_RCCEx_PeriphCLKConfig
    main.o(i.Systick_isr) refers to tm_stm32_usb_hid_device.o(i.TM_USB_HIDDEVICE_DualShock4_Send) for TM_USB_HIDDEVICE_DualShock4_Send
    main.o(i.Systick_isr) refers to main.o(.data) for .data
    main.o(i.Systick_isr) refers to tm_stm32_usb_hid_device.o(.bss) for DS4_1
    main.o(i.fputc) refers to stm32f1xx_hal_uart.o(i.HAL_UART_Transmit) for HAL_UART_Transmit
    main.o(i.fputc) refers to usart.o(.bss) for huart1
    main.o(i.main) refers to stm32f1xx_hal.o(i.HAL_Init) for HAL_Init
    main.o(i.main) refers to main.o(i.SystemClock_Config) for SystemClock_Config
    main.o(i.main) refers to gpio.o(i.MX_GPIO_Init) for MX_GPIO_Init
    main.o(i.main) refers to dma.o(i.MX_DMA_Init) for MX_DMA_Init
    main.o(i.main) refers to usb_device.o(i.MX_USB_DEVICE_Init) for MX_USB_DEVICE_Init
    main.o(i.main) refers to usart.o(i.MX_USART1_UART_Init) for MX_USART1_UART_Init
    main.o(i.main) refers to usart.o(i.MX_USART2_UART_Init) for MX_USART2_UART_Init
    main.o(i.main) refers to tm_stm32_usb_hid_device.o(i.TM_USB_HIDEVICE_DualShock4_StructInit) for TM_USB_HIDEVICE_DualShock4_StructInit
    main.o(i.main) refers to printf5.o(i.__0printf$5) for __2printf
    main.o(i.main) refers to stm32f1xx_hal_uart.o(i.HAL_UART_Receive_DMA) for HAL_UART_Receive_DMA
    main.o(i.main) refers to stm32f1xx_hal_uart.o(i.HAL_UART_Transmit) for HAL_UART_Transmit
    main.o(i.main) refers to tm_stm32_usb_hid_device.o(.bss) for DS4_1
    main.o(i.main) refers to usart.o(.bss) for huart2
    main.o(i.main) refers to main.o(.bss) for .bss
    main.o(i.main) refers to main.o(.data) for .data
    dma.o(i.MX_DMA_Init) refers to stm32f1xx_hal_cortex.o(i.HAL_NVIC_SetPriority) for HAL_NVIC_SetPriority
    dma.o(i.MX_DMA_Init) refers to stm32f1xx_hal_cortex.o(i.HAL_NVIC_EnableIRQ) for HAL_NVIC_EnableIRQ
    usart.o(i.HAL_UART_MspDeInit) refers to stm32f1xx_hal_gpio.o(i.HAL_GPIO_DeInit) for HAL_GPIO_DeInit
    usart.o(i.HAL_UART_MspDeInit) refers to stm32f1xx_hal_dma.o(i.HAL_DMA_DeInit) for HAL_DMA_DeInit
    usart.o(i.HAL_UART_MspDeInit) refers to stm32f1xx_hal_cortex.o(i.HAL_NVIC_DisableIRQ) for HAL_NVIC_DisableIRQ
    usart.o(i.HAL_UART_MspInit) refers to stm32f1xx_hal_gpio.o(i.HAL_GPIO_Init) for HAL_GPIO_Init
    usart.o(i.HAL_UART_MspInit) refers to stm32f1xx_hal_dma.o(i.HAL_DMA_Init) for HAL_DMA_Init
    usart.o(i.HAL_UART_MspInit) refers to main.o(i.Error_Handler) for Error_Handler
    usart.o(i.HAL_UART_MspInit) refers to stm32f1xx_hal_cortex.o(i.HAL_NVIC_SetPriority) for HAL_NVIC_SetPriority
    usart.o(i.HAL_UART_MspInit) refers to stm32f1xx_hal_cortex.o(i.HAL_NVIC_EnableIRQ) for HAL_NVIC_EnableIRQ
    usart.o(i.HAL_UART_MspInit) refers to usart.o(.bss) for .bss
    usart.o(i.MX_USART1_UART_Init) refers to stm32f1xx_hal_uart.o(i.HAL_UART_Init) for HAL_UART_Init
[...]
    ../fplib/microlib/fpepilogue.c           0x00000000   Number         0  depilogue.o ABSOLUTE
    ../fplib/microlib/fpfix.c                0x00000000   Number         0  dfixul.o ABSOLUTE
    ../fplib/microlib/fpmul.c                0x00000000   Number         0  dmul.o ABSOLUTE
    ..\Core\Src\dma.c                        0x00000000   Number         0  dma.o ABSOLUTE
    ..\Core\Src\gpio.c                       0x00000000   Number         0  gpio.o ABSOLUTE
    ..\Core\Src\main.c                       0x00000000   Number         0  main.o ABSOLUTE
    ..\Core\Src\stm32f1xx_hal_msp.c          0x00000000   Number         0  stm32f1xx_hal_msp.o ABSOLUTE
    ..\Core\Src\stm32f1xx_it.c               0x00000000   Number         0  stm32f1xx_it.o ABSOLUTE
    ..\Core\Src\system_stm32f1xx.c           0x00000000   Number         0  system_stm32f1xx.o ABSOLUTE
    ..\Core\Src\usart.c                      0x00000000   Number         0  usart.o ABSOLUTE
    ..\Drivers\STM32F1xx_HAL_Driver\Src\stm32f1xx_hal.c 0x00000000   Number         0  stm32f1xx_hal.o ABSOLUTE
    ..\Drivers\STM32F1xx_HAL_Driver\Src\stm32f1xx_hal_cortex.c 0x00000000   Number         0  stm32f1xx_hal_cortex.o ABSOLUTE
    ..\Drivers\STM32F1xx_HAL_Driver\Src\stm32f1xx_hal_dma.c 0x00000000   Number         0  stm32f1xx_hal_dma.o ABSOLUTE
    ..\Drivers\STM32F1xx_HAL_Driver\Src\stm32f1xx_hal_exti.c 0x00000000   Number         0  stm32f1xx_hal_exti.o ABSOLUTE
    ..\Drivers\STM32F1xx_HAL_Driver\Src\stm32f1xx_hal_flash.c 0x00000000   Number         0  stm32f1xx_hal_flash.o ABSOLUTE
    ..\Drivers\STM32F1xx_HAL_Driver\Src\stm32f1xx_hal_flash_ex.c 0x00000000   Number         0  stm32f1xx_hal_flash_ex.o ABSOLUTE
    ..\Drivers\STM32F1xx_HAL_Driver\Src\stm32f1xx_hal_gpio.c 0x00000000   Number         0  stm32f1xx_hal_gpio.o ABSOLUTE
    ..\Drivers\STM32F1xx_HAL_Driver\Src\stm32f1xx_hal_gpio_ex.c 0x00000000   Number         0  stm32f1xx_hal_gpio_ex.o ABSOLUTE
    ..\Drivers\STM32F1xx_HAL_Driver\Src\stm32f1xx_hal_pcd.c 0x00000000   Number         0  stm32f1xx_hal_pcd.o ABSOLUTE
    ..\Drivers\STM32F1xx_HAL_Driver\Src\stm32f1xx_hal_pcd_ex.c 0x00000000   Number         0  stm32f1xx_hal_pcd_ex.o ABSOLUTE
    ..\Drivers\STM32F1xx_HAL_Driver\Src\stm32f1xx_hal_pwr.c 0x00000000   Number         0  stm32f1xx_hal_pwr.o ABSOLUTE
    ..\Drivers\STM32F1xx_HAL_Driver\Src\stm32f1xx_hal_rcc.c 0x00000000   Number         0  stm32f1xx_hal_rcc.o ABSOLUTE
    ..\Drivers\STM32F1xx_HAL_Driver\Src\stm32f1xx_hal_rcc_ex.c 0x00000000   Number         0  stm32f1xx_hal_rcc_ex.o ABSOLUTE
    ..\Drivers\STM32F1xx_HAL_Driver\Src\stm32f1xx_hal_tim.c 0x00000000   Number         0  stm32f1xx_hal_tim.o ABSOLUTE
    ..\Drivers\STM32F1xx_HAL_Driver\Src\stm32f1xx_hal_tim_ex.c 0x00000000   Number         0  stm32f1xx_hal_tim_ex.o ABSOLUTE
    ..\Drivers\STM32F1xx_HAL_Driver\Src\stm32f1xx_hal_uart.c 0x00000000   Number         0  stm32f1xx_hal_uart.o ABSOLUTE
    ..\Drivers\STM32F1xx_HAL_Driver\Src\stm32f1xx_ll_usb.c 0x00000000   Number         0  stm32f1xx_ll_usb.o ABSOLUTE
    ..\Middlewares\ST\STM32_USB_Device_Library\Class\CustomHID\Src\usbd_customhid.c 0x00000000   Number         0  usbd_customhid.o ABSOLUTE
    ..\Middlewares\ST\STM32_USB_Device_Library\Core\Src\usbd_core.c 0x00000000   Number         0  usbd_core.o ABSOLUTE
    ..\Middlewares\ST\STM32_USB_Device_Library\Core\Src\usbd_ctlreq.c 0x00000000   Number         0  usbd_ctlreq.o ABSOLUTE
    ..\Middlewares\ST\STM32_USB_Device_Library\Core\Src\usbd_ioreq.c 0x00000000   Number         0  usbd_ioreq.o ABSOLUTE
    ..\USB_DEVICE\App\usb_device.c           0x00000000   Number         0  usb_device.o ABSOLUTE
    ..\USB_DEVICE\App\usbd_custom_hid_if.c   0x00000000   Number         0  usbd_custom_hid_if.o ABSOLUTE
    ..\USB_DEVICE\App\usbd_desc.c            0x00000000   Number         0  usbd_desc.o ABSOLUTE
    ..\USB_DEVICE\Target\usbd_conf.c         0x00000000   Number         0  usbd_conf.o ABSOLUTE
    ..\USER\tm_stm32_usb_hid_device.c        0x00000000   Number         0  tm_stm32_usb_hid_device.o ABSOLUTE
    ..\\USER\\tm_stm32_usb_hid_device.c      0x00000000   Number         0  tm_stm32_usb_hid_device.o ABSOLUTE
    cdrcmple.s                               0x00000000   Number         0  cdrcmple.o ABSOLUTE
    dc.s                                     0x00000000   Number         0  dc.o ABSOLUTE
    handlers.s                               0x00000000   Number         0  handlers.o ABSOLUTE
    init.s                                   0x00000000   Number         0  init.o ABSOLUTE
    startup_stm32f103xb.s                    0x00000000   Number         0  startup_stm32f103xb.o ABSOLUTE
    RESET                                    0x08000000   Section      236  startup_stm32f103xb.o(RESET)
    .ARM.Collect$$$$00000000                 0x080000ec   Section        0  entry.o(.ARM.Collect$$$$00000000)
    .ARM.Collect$$$$00000001                 0x080000ec   Section        4  entry2.o(.ARM.Collect$$$$00000001)
    .ARM.Collect$$$$00000004                 0x080000f0   Section        4  entry5.o(.ARM.Collect$$$$00000004)
    .ARM.Collect$$$$00000008                 0x080000f4   Section        0  entry7b.o(.ARM.Collect$$$$00000008)
    .ARM.Collect$$$$0000000A                 0x080000f4   Section        0  entry8b.o(.ARM.Collect$$$$0000000A)
    .ARM.Collect$$$$0000000B                 0x080000f4   Section        8  entry9a.o(.ARM.Collect$$$$0000000B)
    .ARM.Collect$$$$0000000E                 0x080000fc   Section        4  entry12b.o(.ARM.Collect$$$$0000000E)
    .ARM.Collect$$$$0000000F                 0x08000100   Section        0  entry10a.o(.ARM.Collect$$$$0000000F)
    .ARM.Collect$$$$00000011                 0x08000100   Section        0  entry11a.o(.ARM.Collect$$$$00000011)
    .ARM.Collect$$$$00002712                 0x08000100   Section        4  entry2.o(.ARM.Collect$$$$00002712)
    __lit__00000000                          0x08000100   Data           4  entry2.o(.ARM.Collect$$$$00002712)
    .text                                    0x08000104   Section       36  startup_stm32f103xb.o(.text)
    .text                                    0x08000128   Section        0  llushr.o(.text)
    .text                                    0x08000148   Section        0  memcpya.o(.text)
    .text                                    0x0800016c   Section        0  memseta.o(.text)
    .text                                    0x08000190   Section        0  uldiv.o(.text)
    .text                                    0x080001f4   Section       36  init.o(.text)
    .text                                    0x08000218   Section        0  llshl.o(.text)
    .text                                    0x08000236   Section        0  __dczerorl2.o(.text)
    i.BusFault_Handler                       0x0800028c   Section        0  stm32f1xx_it.o(i.BusFault_Handler)
    i.CUSTOM_HID_DeInit_FS                   0x0800028e   Section        0  usbd_custom_hid_if.o(i.CUSTOM_HID_DeInit_FS)
    CUSTOM_HID_DeInit_FS                     0x0800028f   Thumb Code     4  usbd_custom_hid_if.o(i.CUSTOM_HID_DeInit_FS)
    i.CUSTOM_HID_Init_FS                     0x08000292   Section        0  usbd_custom_hid_if.o(i.CUSTOM_HID_Init_FS)
    CUSTOM_HID_Init_FS                       0x08000293   Thumb Code     4  usbd_custom_hid_if.o(i.CUSTOM_HID_Init_FS)
    i.CUSTOM_HID_OutEvent_FS                 0x08000296   Section        0  usbd_custom_hid_if.o(i.CUSTOM_HID_OutEvent_FS)
    CUSTOM_HID_OutEvent_FS                   0x08000297   Thumb Code     4  usbd_custom_hid_if.o(i.CUSTOM_HID_OutEvent_FS)
    i.DMA1_Channel6_IRQHandler               0x0800029c   Section        0  stm32f1xx_it.o(i.DMA1_Channel6_IRQHandler)
    i.DMA_SetConfig                          0x080002a8   Section        0  stm32f1xx_hal_dma.o(i.DMA_SetConfig)
    DMA_SetConfig                            0x080002a9   Thumb Code    42  stm32f1xx_hal_dma.o(i.DMA_SetConfig)
    i.DebugMon_Handler                       0x080002d2   Section        0  stm32f1xx_it.o(i.DebugMon_Handler)
    i.Error_Handler                          0x080002d4   Section        0  main.o(i.Error_Handler)
    i.HAL_DMA_Abort                          0x080002d8   Section        0  stm32f1xx_hal_dma.o(i.HAL_DMA_Abort)
    i.HAL_DMA_IRQHandler                     0x08000320   Section        0  stm32f1xx_hal_dma.o(i.HAL_DMA_IRQHandler)
    i.HAL_DMA_Init                           0x08000478   Section        0  stm32f1xx_hal_dma.o(i.HAL_DMA_Init)
    i.HAL_DMA_Start_IT                       0x080004d4   Section        0  stm32f1xx_hal_dma.o(i.HAL_DMA_Start_IT)
    i.HAL_GPIO_Init                          0x08000544   Section        0  stm32f1xx_hal_gpio.o(i.HAL_GPIO_Init)
    i.HAL_GetTick                            0x08000710   Section        0  stm32f1xx_hal.o(i.HAL_GetTick)
    i.HAL_IncTick                            0x0800071c   Section        0  stm32f1xx_hal.o(i.HAL_IncTick)
    i.HAL_Init                               0x0800072c   Section        0  stm32f1xx_hal.o(i.HAL_Init)
    i.HAL_InitTick                           0x08000750   Section        0  stm32f1xx_hal.o(i.HAL_InitTick)
    i.HAL_MspInit                            0x08000790   Section        0  stm32f1xx_hal_msp.o(i.HAL_MspInit)
    i.HAL_NVIC_EnableIRQ                     0x080007cc   Section        0  stm32f1xx_hal_cortex.o(i.HAL_NVIC_EnableIRQ)
    i.HAL_NVIC_SetPriority                   0x080007e8   Section        0  stm32f1xx_hal_cortex.o(i.HAL_NVIC_SetPriority)
    i.HAL_NVIC_SetPriorityGrouping           0x08000828   Section        0  stm32f1xx_hal_cortex.o(i.HAL_NVIC_SetPriorityGrouping)
    i.HAL_PCDEx_PMAConfig                    0x0800084c   Section        0  stm32f1xx_hal_pcd_ex.o(i.HAL_PCDEx_PMAConfig)
    i.HAL_PCDEx_SetConnectionState           0x08000888   Section        0  usbd_conf.o(i.HAL_PCDEx_SetConnectionState)
    i.HAL_PCD_DataInStageCallback            0x0800088a   Section        0  usbd_conf.o(i.HAL_PCD_DataInStageCallback)
    i.HAL_PCD_DataOutStageCallback           0x0800089c   Section        0  usbd_conf.o(i.HAL_PCD_DataOutStageCallback)
    i.HAL_PCD_EP_Close                       0x080008b0   Section        0  stm32f1xx_hal_pcd.o(i.HAL_PCD_EP_Close)
    i.HAL_PCD_EP_ClrStall                    0x080008fc   Section        0  stm32f1xx_hal_pcd.o(i.HAL_PCD_EP_ClrStall)
    i.HAL_PCD_EP_DB_Receive                  0x08000958   Section        0  stm32f1xx_hal_pcd.o(i.HAL_PCD_EP_DB_Receive)
    HAL_PCD_EP_DB_Receive                    0x08000959   Thumb Code   228  stm32f1xx_hal_pcd.o(i.HAL_PCD_EP_DB_Receive)
    i.HAL_PCD_EP_DB_Transmit                 0x08000a3c   Section        0  stm32f1xx_hal_pcd.o(i.HAL_PCD_EP_DB_Transmit)
    HAL_PCD_EP_DB_Transmit                   0x08000a3d   Thumb Code   812  stm32f1xx_hal_pcd.o(i.HAL_PCD_EP_DB_Transmit)
    i.HAL_PCD_EP_Open                        0x08000d68   Section        0  stm32f1xx_hal_pcd.o(i.HAL_PCD_EP_Open)
    i.HAL_PCD_EP_Receive                     0x08000dc8   Section        0  stm32f1xx_hal_pcd.o(i.HAL_PCD_EP_Receive)
    i.HAL_PCD_EP_SetStall                    0x08000dfa   Section        0  stm32f1xx_hal_pcd.o(i.HAL_PCD_EP_SetStall)
    i.HAL_PCD_EP_Transmit                    0x08000e6c   Section        0  stm32f1xx_hal_pcd.o(i.HAL_PCD_EP_Transmit)
    i.HAL_PCD_IRQHandler                     0x08000ea0   Section        0  stm32f1xx_hal_pcd.o(i.HAL_PCD_IRQHandler)
    i.HAL_PCD_Init                           0x08000ff4   Section        0  stm32f1xx_hal_pcd.o(i.HAL_PCD_Init)
    i.HAL_PCD_MspInit                        0x080010cc   Section        0  usbd_conf.o(i.HAL_PCD_MspInit)
    i.HAL_PCD_ResetCallback                  0x08001108   Section        0  usbd_conf.o(i.HAL_PCD_ResetCallback)
    i.HAL_PCD_ResumeCallback                 0x0800112e   Section        0  usbd_conf.o(i.HAL_PCD_ResumeCallback)
    i.HAL_PCD_SOFCallback                    0x08001136   Section        0  usbd_conf.o(i.HAL_PCD_SOFCallback)
    i.HAL_PCD_SetAddress                     0x0800113e   Section        0  stm32f1xx_hal_pcd.o(i.HAL_PCD_SetAddress)
    i.HAL_PCD_SetupStageCallback             0x08001166   Section        0  usbd_conf.o(i.HAL_PCD_SetupStageCallback)
    i.HAL_PCD_Start                          0x08001174   Section        0  stm32f1xx_hal_pcd.o(i.HAL_PCD_Start)
    i.HAL_PCD_SuspendCallback                0x080011a8   Section        0  usbd_conf.o(i.HAL_PCD_SuspendCallback)
    i.HAL_RCCEx_PeriphCLKConfig              0x080011cc   Section        0  stm32f1xx_hal_rcc_ex.o(i.HAL_RCCEx_PeriphCLKConfig)
    i.HAL_RCC_ClockConfig                    0x080012b4   Section        0  stm32f1xx_hal_rcc.o(i.HAL_RCC_ClockConfig)
    i.HAL_RCC_GetPCLK1Freq                   0x080013ec   Section        0  stm32f1xx_hal_rcc.o(i.HAL_RCC_GetPCLK1Freq)
    i.HAL_RCC_GetPCLK2Freq                   0x0800140c   Section        0  stm32f1xx_hal_rcc.o(i.HAL_RCC_GetPCLK2Freq)
    i.HAL_RCC_GetSysClockFreq                0x0800142c   Section        0  stm32f1xx_hal_rcc.o(i.HAL_RCC_GetSysClockFreq)
    i.HAL_RCC_OscConfig                      0x08001498   Section        0  stm32f1xx_hal_rcc.o(i.HAL_RCC_OscConfig)
    i.HAL_SYSTICK_Config                     0x080017b0   Section        0  stm32f1xx_hal_cortex.o(i.HAL_SYSTICK_Config)
    i.HAL_UARTEx_RxEventCallback             0x080017d8   Section        0  stm32f1xx_hal_uart.o(i.HAL_UARTEx_RxEventCallback)
    i.HAL_UART_DMAStop                       0x080017da   Section        0  stm32f1xx_hal_uart.o(i.HAL_UART_DMAStop)
    i.HAL_UART_ErrorCallback                 0x08001832   Section        0  stm32f1xx_hal_uart.o(i.HAL_UART_ErrorCallback)
    i.HAL_UART_Init                          0x08001834   Section        0  stm32f1xx_hal_uart.o(i.HAL_UART_Init)
    i.HAL_UART_MspInit                       0x08001898   Section        0  usart.o(i.HAL_UART_MspInit)
    i.HAL_UART_Receive_DMA                   0x0800199c   Section        0  stm32f1xx_hal_uart.o(i.HAL_UART_Receive_DMA)
    i.HAL_UART_RxCpltCallback                0x080019c6   Section        0  stm32f1xx_hal_uart.o(i.HAL_UART_RxCpltCallback)
    i.HAL_UART_RxHalfCpltCallback            0x080019c8   Section        0  stm32f1xx_hal_uart.o(i.HAL_UART_RxHalfCpltCallback)
    i.HAL_UART_Transmit                      0x080019ca   Section        0  stm32f1xx_hal_uart.o(i.HAL_UART_Transmit)
    i.HardFault_Handler                      0x08001a7a   Section        0  stm32f1xx_it.o(i.HardFault_Handler)
    i.IntToUnicode                           0x08001a7c   Section        0  usbd_desc.o(i.IntToUnicode)
    IntToUnicode                             0x08001a7d   Thumb Code    54  usbd_desc.o(i.IntToUnicode)
    i.MX_DMA_Init                            0x08001ab4   Section        0  dma.o(i.MX_DMA_Init)
    i.MX_GPIO_Init                           0x08001ae0   Section        0  gpio.o(i.MX_GPIO_Init)
    i.MX_USART1_UART_Init                    0x08001b0c   Section        0  usart.o(i.MX_USART1_UART_Init)
    i.MX_USART2_UART_Init                    0x08001b44   Section        0  usart.o(i.MX_USART2_UART_Init)
    i.MX_USB_DEVICE_Init                     0x08001b7c   Section        0  usb_device.o(i.MX_USB_DEVICE_Init)
    i.MemManage_Handler                      0x08001bd0   Section        0  stm32f1xx_it.o(i.MemManage_Handler)
    i.NMI_Handler                            0x08001bd2   Section        0  stm32f1xx_it.o(i.NMI_Handler)
    i.PCD_EP_ISR_Handler                     0x08001bd4   Section        0  stm32f1xx_hal_pcd.o(i.PCD_EP_ISR_Handler)
    PCD_EP_ISR_Handler                       0x08001bd5   Thumb Code   768  stm32f1xx_hal_pcd.o(i.PCD_EP_ISR_Handler)
    i.PendSV_Handler                         0x08001ed4   Section        0  stm32f1xx_it.o(i.PendSV_Handler)
    i.SVC_Handler                            0x08001ed6   Section        0  stm32f1xx_it.o(i.SVC_Handler)
    i.SysTick_Handler                        0x08001ed8   Section        0  stm32f1xx_it.o(i.SysTick_Handler)
    i.SystemClock_Config                     0x08001ee6   Section        0  main.o(i.SystemClock_Config)
    i.SystemInit                             0x08001f5c   Section        0  system_stm32f1xx.o(i.SystemInit)
    i.Systick_isr                            0x08001f60   Section        0  main.o(i.Systick_isr)
    i.TM_USB_HIDDEVICE_DualShock4_Send       0x08001f7c   Section        0  tm_stm32_usb_hid_device.o(i.TM_USB_HIDDEVICE_DualShock4_Send)
    i.TM_USB_HIDEVICE_DualShock4_StructInit  0x0800204c   Section        0  tm_stm32_usb_hid_device.o(i.TM_USB_HIDEVICE_DualShock4_StructInit)
    i.UART_DMAError                          0x08002090   Section        0  stm32f1xx_hal_uart.o(i.UART_DMAError)
    UART_DMAError                            0x08002091   Thumb Code    74  stm32f1xx_hal_uart.o(i.UART_DMAError)
    i.UART_DMAReceiveCplt                    0x080020da   Section        0  stm32f1xx_hal_uart.o(i.UART_DMAReceiveCplt)
    UART_DMAReceiveCplt                      0x080020db   Thumb Code    90  stm32f1xx_hal_uart.o(i.UART_DMAReceiveCplt)
    i.UART_DMARxHalfCplt                     0x08002134   Section        0  stm32f1xx_hal_uart.o(i.UART_DMARxHalfCplt)
    UART_DMARxHalfCplt                       0x08002135   Thumb Code    26  stm32f1xx_hal_uart.o(i.UART_DMARxHalfCplt)
    i.UART_EndRxTransfer                     0x0800214e   Section        0  stm32f1xx_hal_uart.o(i.UART_EndRxTransfer)
    UART_EndRxTransfer                       0x0800214f   Thumb Code    48  stm32f1xx_hal_uart.o(i.UART_EndRxTransfer)
    i.UART_EndTxTransfer                     0x0800217e   Section        0  stm32f1xx_hal_uart.o(i.UART_EndTxTransfer)
    UART_EndTxTransfer                       0x0800217f   Thumb Code    18  stm32f1xx_hal_uart.o(i.UART_EndTxTransfer)
    i.UART_SetConfig                         0x08002190   Section        0  stm32f1xx_hal_uart.o(i.UART_SetConfig)
    UART_SetConfig                           0x08002191   Thumb Code   178  stm32f1xx_hal_uart.o(i.UART_SetConfig)
    i.UART_Start_Receive_DMA                 0x08002248   Section        0  stm32f1xx_hal_uart.o(i.UART_Start_Receive_DMA)
    i.UART_WaitOnFlagUntilTimeout            0x080022bc   Section        0  stm32f1xx_hal_uart.o(i.UART_WaitOnFlagUntilTimeout)
    UART_WaitOnFlagUntilTimeout              0x080022bd   Thumb Code    98  stm32f1xx_hal_uart.o(i.UART_WaitOnFlagUntilTimeout)
    i.USART2_IRQHandler                      0x08002320   Section        0  stm32f1xx_it.o(i.USART2_IRQHandler)
    i.USBD_CUSTOM_HID_DataIn                 0x0800236c   Section        0  usbd_customhid.o(i.USBD_CUSTOM_HID_DataIn)
    USBD_CUSTOM_HID_DataIn                   0x0800236d   Thumb Code    14  usbd_customhid.o(i.USBD_CUSTOM_HID_DataIn)
    i.USBD_CUSTOM_HID_DataOut                0x0800237a   Section        0  usbd_customhid.o(i.USBD_CUSTOM_HID_DataOut)
    USBD_CUSTOM_HID_DataOut                  0x0800237b   Thumb Code    36  usbd_customhid.o(i.USBD_CUSTOM_HID_DataOut)
    i.USBD_CUSTOM_HID_DeInit                 0x0800239e   Section        0  usbd_customhid.o(i.USBD_CUSTOM_HID_DeInit)
    USBD_CUSTOM_HID_DeInit                   0x0800239f   Thumb Code    56  usbd_customhid.o(i.USBD_CUSTOM_HID_DeInit)
    i.USBD_CUSTOM_HID_EP0_RxReady            0x080023d6   Section        0  usbd_customhid.o(i.USBD_CUSTOM_HID_EP0_RxReady)
    USBD_CUSTOM_HID_EP0_RxReady              0x080023d7   Thumb Code    34  usbd_customhid.o(i.USBD_CUSTOM_HID_EP0_RxReady)
    i.USBD_CUSTOM_HID_GetDeviceQualifierDesc 0x080023f8   Section        0  usbd_customhid.o(i.USBD_CUSTOM_HID_GetDeviceQualifierDesc)
    USBD_CUSTOM_HID_GetDeviceQualifierDesc   0x080023f9   Thumb Code     8  usbd_customhid.o(i.USBD_CUSTOM_HID_GetDeviceQualifierDesc)
    i.USBD_CUSTOM_HID_GetFSCfgDesc           0x08002404   Section        0  usbd_customhid.o(i.USBD_CUSTOM_HID_GetFSCfgDesc)
    USBD_CUSTOM_HID_GetFSCfgDesc             0x08002405   Thumb Code     8  usbd_customhid.o(i.USBD_CUSTOM_HID_GetFSCfgDesc)
    i.USBD_CUSTOM_HID_GetHSCfgDesc           0x08002410   Section        0  usbd_customhid.o(i.USBD_CUSTOM_HID_GetHSCfgDesc)
    USBD_CUSTOM_HID_GetHSCfgDesc             0x08002411   Thumb Code     8  usbd_customhid.o(i.USBD_CUSTOM_HID_GetHSCfgDesc)
    i.USBD_CUSTOM_HID_GetOtherSpeedCfgDesc   0x0800241c   Section        0  usbd_customhid.o(i.USBD_CUSTOM_HID_GetOtherSpeedCfgDesc)
    USBD_CUSTOM_HID_GetOtherSpeedCfgDesc     0x0800241d   Thumb Code     8  usbd_customhid.o(i.USBD_CUSTOM_HID_GetOtherSpeedCfgDesc)
    i.USBD_CUSTOM_HID_Init                   0x08002428   Section        0  usbd_customhid.o(i.USBD_CUSTOM_HID_Init)
    USBD_CUSTOM_HID_Init                     0x08002429   Thumb Code    84  usbd_customhid.o(i.USBD_CUSTOM_HID_Init)
    i.USBD_CUSTOM_HID_RegisterInterface      0x0800247c   Section        0  usbd_customhid.o(i.USBD_CUSTOM_HID_RegisterInterface)
    i.USBD_CUSTOM_HID_SendReport             0x0800248c   Section        0  usbd_customhid.o(i.USBD_CUSTOM_HID_SendReport)
    i.USBD_CUSTOM_HID_Setup                  0x080024b8   Section        0  usbd_customhid.o(i.USBD_CUSTOM_HID_Setup)
    USBD_CUSTOM_HID_Setup                    0x080024b9   Thumb Code   242  usbd_customhid.o(i.USBD_CUSTOM_HID_Setup)
    i.USBD_ClrClassConfig                    0x080025c0   Section        0  usbd_core.o(i.USBD_ClrClassConfig)
    i.USBD_CtlContinueRx                     0x080025ce   Section        0  usbd_ioreq.o(i.USBD_CtlContinueRx)
    i.USBD_CtlContinueSendData               0x080025de   Section        0  usbd_ioreq.o(i.USBD_CtlContinueSendData)
    i.USBD_CtlError                          0x080025ee   Section        0  usbd_ctlreq.o(i.USBD_CtlError)
    i.USBD_CtlPrepareRx                      0x08002604   Section        0  usbd_ioreq.o(i.USBD_CtlPrepareRx)
    i.USBD_CtlReceiveStatus                  0x08002622   Section        0  usbd_ioreq.o(i.USBD_CtlReceiveStatus)
    i.USBD_CtlSendData                       0x08002638   Section        0  usbd_ioreq.o(i.USBD_CtlSendData)
    i.USBD_CtlSendStatus                     0x08002652   Section        0  usbd_ioreq.o(i.USBD_CtlSendStatus)
    i.USBD_FS_ConfigStrDescriptor            0x08002668   Section        0  usbd_desc.o(i.USBD_FS_ConfigStrDescriptor)
    i.USBD_FS_DeviceDescriptor               0x08002690   Section        0  usbd_desc.o(i.USBD_FS_DeviceDescriptor)
    i.USBD_FS_InterfaceStrDescriptor         0x0800269c   Section        0  usbd_desc.o(i.USBD_FS_InterfaceStrDescriptor)
    i.USBD_FS_LangIDStrDescriptor            0x080026c8   Section        0  usbd_desc.o(i.USBD_FS_LangIDStrDescriptor)
    i.USBD_FS_ManufacturerStrDescriptor      0x080026d4   Section        0  usbd_desc.o(i.USBD_FS_ManufacturerStrDescriptor)
    i.USBD_FS_ProductStrDescriptor           0x080026fc   Section        0  usbd_desc.o(i.USBD_FS_ProductStrDescriptor)
    i.USBD_FS_SerialStrDescriptor            0x08002724   Section        0  usbd_desc.o(i.USBD_FS_SerialStrDescriptor)
    i.USBD_GetDescriptor                     0x0800275c   Section        0  usbd_ctlreq.o(i.USBD_GetDescriptor)
    USBD_GetDescriptor                       0x0800275d   Thumb Code   232  usbd_ctlreq.o(i.USBD_GetDescriptor)
    i.USBD_GetString                         0x08002844   Section        0  usbd_ctlreq.o(i.USBD_GetString)
    i.USBD_Get_USB_Status                    0x0800288c   Section        0  usbd_conf.o(i.USBD_Get_USB_Status)
    USBD_Get_USB_Status                      0x0800288d   Thumb Code    24  usbd_conf.o(i.USBD_Get_USB_Status)
    i.USBD_Init                              0x080028a4   Section        0  usbd_core.o(i.USBD_Init)
    i.USBD_LL_ClearStallEP                   0x080028ce   Section        0  usbd_conf.o(i.USBD_LL_ClearStallEP)
    i.USBD_LL_CloseEP                        0x080028e0   Section        0  usbd_conf.o(i.USBD_LL_CloseEP)
    i.USBD_LL_DataInStage                    0x080028f2   Section        0  usbd_core.o(i.USBD_LL_DataInStage)
    i.USBD_LL_DataOutStage                   0x080029b8   Section        0  usbd_core.o(i.USBD_LL_DataOutStage)
    i.USBD_LL_Init                           0x08002a3c   Section        0  usbd_conf.o(i.USBD_LL_Init)
    i.USBD_LL_IsStallEP                      0x08002aac   Section        0  usbd_conf.o(i.USBD_LL_IsStallEP)
    i.USBD_LL_OpenEP                         0x08002acc   Section        0  usbd_conf.o(i.USBD_LL_OpenEP)
    i.USBD_LL_PrepareReceive                 0x08002ae4   Section        0  usbd_conf.o(i.USBD_LL_PrepareReceive)
    i.USBD_LL_Reset                          0x08002af6   Section        0  usbd_core.o(i.USBD_LL_Reset)
    i.USBD_LL_Resume                         0x08002b46   Section        0  usbd_core.o(i.USBD_LL_Resume)
    i.USBD_LL_SOF                            0x08002b5a   Section        0  usbd_core.o(i.USBD_LL_SOF)
    i.USBD_LL_SetSpeed                       0x08002b72   Section        0  usbd_core.o(i.USBD_LL_SetSpeed)
    i.USBD_LL_SetUSBAddress                  0x08002b78   Section        0  usbd_conf.o(i.USBD_LL_SetUSBAddress)
    i.USBD_LL_SetupStage                     0x08002b8a   Section        0  usbd_core.o(i.USBD_LL_SetupStage)
    i.USBD_LL_StallEP                        0x08002be4   Section        0  usbd_conf.o(i.USBD_LL_StallEP)
    i.USBD_LL_Start                          0x08002bf6   Section        0  usbd_conf.o(i.USBD_LL_Start)
    i.USBD_LL_Suspend                        0x08002c08   Section        0  usbd_core.o(i.USBD_LL_Suspend)
    i.USBD_LL_Transmit                       0x08002c1a   Section        0  usbd_conf.o(i.USBD_LL_Transmit)
    i.USBD_ParseSetupRequest                 0x08002c2c   Section        0  usbd_ctlreq.o(i.USBD_ParseSetupRequest)
    i.USBD_RegisterClass                     0x08002c54   Section        0  usbd_core.o(i.USBD_RegisterClass)
    i.USBD_SetClassConfig                    0x08002c64   Section        0  usbd_core.o(i.USBD_SetClassConfig)
    i.USBD_SetConfig                         0x08002c7c   Section        0  usbd_ctlreq.o(i.USBD_SetConfig)
    USBD_SetConfig                           0x08002c7d   Thumb Code   128  usbd_ctlreq.o(i.USBD_SetConfig)
    i.USBD_Start                             0x08002d00   Section        0  usbd_core.o(i.USBD_Start)
    i.USBD_StdDevReq                         0x08002d0a   Section        0  usbd_ctlreq.o(i.USBD_StdDevReq)
    i.USBD_StdEPReq                          0x08002e1c   Section        0  usbd_ctlreq.o(i.USBD_StdEPReq)
    i.USBD_StdItfReq                         0x08002f6c   Section        0  usbd_ctlreq.o(i.USBD_StdItfReq)
    i.USBD_static_free                       0x08002fba   Section        0  usbd_conf.o(i.USBD_static_free)
    i.USBD_static_malloc                     0x08002fbc   Section        0  usbd_conf.o(i.USBD_static_malloc)
    i.USB_ActivateEndpoint                   0x08002fc4   Section        0  stm32f1xx_ll_usb.o(i.USB_ActivateEndpoint)
    i.USB_CoreInit                           0x08003236   Section        0  stm32f1xx_ll_usb.o(i.USB_CoreInit)
    i.USB_DeactivateEndpoint                 0x0800323a   Section        0  stm32f1xx_ll_usb.o(i.USB_DeactivateEndpoint)
    i.USB_DevConnect                         0x0800334a   Section        0  stm32f1xx_ll_usb.o(i.USB_DevConnect)
    i.USB_DevDisconnect                      0x0800334e   Section        0  stm32f1xx_ll_usb.o(i.USB_DevDisconnect)
    i.USB_DevInit                            0x08003352   Section        0  stm32f1xx_ll_usb.o(i.USB_DevInit)
    i.USB_DisableGlobalInt                   0x08003364   Section        0  stm32f1xx_ll_usb.o(i.USB_DisableGlobalInt)
    i.USB_EP0_OutStart                       0x08003372   Section        0  stm32f1xx_ll_usb.o(i.USB_EP0_OutStart)
    i.USB_EPClearStall                       0x08003376   Section        0  stm32f1xx_ll_usb.o(i.USB_EPClearStall)
    i.USB_EPSetStall                         0x080033ea   Section        0  stm32f1xx_ll_usb.o(i.USB_EPSetStall)
    i.USB_EPStartXfer                        0x0800341c   Section        0  stm32f1xx_ll_usb.o(i.USB_EPStartXfer)
    i.USB_EnableGlobalInt                    0x08003a24   Section        0  stm32f1xx_ll_usb.o(i.USB_EnableGlobalInt)
    i.USB_LP_CAN1_RX0_IRQHandler             0x08003a38   Section        0  stm32f1xx_it.o(i.USB_LP_CAN1_RX0_IRQHandler)
    i.USB_ReadInterrupts                     0x08003a44   Section        0  stm32f1xx_ll_usb.o(i.USB_ReadInterrupts)
    i.USB_ReadPMA                            0x08003a4a   Section        0  stm32f1xx_ll_usb.o(i.USB_ReadPMA)
    i.USB_SetCurrentMode                     0x08003a74   Section        0  stm32f1xx_ll_usb.o(i.USB_SetCurrentMode)
    i.USB_SetDevAddress                      0x08003a78   Section        0  stm32f1xx_ll_usb.o(i.USB_SetDevAddress)
    i.USB_WritePMA                           0x08003a84   Section        0  stm32f1xx_ll_usb.o(i.USB_WritePMA)
    i.UsageFault_Handler                     0x08003aaa   Section        0  stm32f1xx_it.o(i.UsageFault_Handler)
    i.__0printf$5                            0x08003aac   Section        0  printf5.o(i.__0printf$5)
    i.__NVIC_SetPriority                     0x08003acc   Section        0  stm32f1xx_hal_cortex.o(i.__NVIC_SetPriority)
    __NVIC_SetPriority                       0x08003acd   Thumb Code    32  stm32f1xx_hal_cortex.o(i.__NVIC_SetPriority)
    i.__scatterload_copy                     0x08003aec   Section       14  handlers.o(i.__scatterload_copy)
    i.__scatterload_null                     0x08003afa   Section        2  handlers.o(i.__scatterload_null)
    i.__scatterload_zeroinit                 0x08003afc   Section       14  handlers.o(i.__scatterload_zeroinit)
    i._printf_core                           0x08003b0c   Section        0  printf5.o(i._printf_core)
    _printf_core                             0x08003b0d   Thumb Code   660  printf5.o(i._printf_core)
    i.fputc                                  0x08003dcc   Section        0  main.o(i.fputc)
    i.main                                   0x08003de4   Section        0  main.o(i.main)
    .constdata                               0x08003f00   Section       16  system_stm32f1xx.o(.constdata)
    .constdata                               0x08003f10   Section        8  system_stm32f1xx.o(.constdata)
    .data                                    0x20000000   Section       12  main.o(.data)
    .data                                    0x2000000c   Section       28  usbd_desc.o(.data)
    .data                                    0x20000028   Section       50  usbd_desc.o(.data)
    .data                                    0x2000005c   Section      467  usbd_custom_hid_if.o(.data)
    CUSTOM_HID_ReportDesc_FS                 0x2000005c   Data         467  usbd_custom_hid_if.o(.data)
    .data                                    0x20000230   Section       16  usbd_custom_hid_if.o(.data)
    .data                                    0x20000240   Section        8  tm_stm32_usb_hid_device.o(.data)
    buff                                     0x20000241   Data           7  tm_stm32_usb_hid_device.o(.data)
    .data                                    0x20000248   Section       12  stm32f1xx_hal.o(.data)
    .data                                    0x20000254   Section        4  system_stm32f1xx.o(.data)
    .data                                    0x20000258   Section        1  usbd_ctlreq.o(.data)
    cfgidx                                   0x20000258   Data           1  usbd_ctlreq.o(.data)
    .data                                    0x2000025c   Section       56  usbd_customhid.o(.data)
    .data                                    0x20000294   Section      154  usbd_customhid.o(.data)
    USBD_CUSTOM_HID_CfgFSDesc                0x20000294   Data          41  usbd_customhid.o(.data)
    USBD_CUSTOM_HID_CfgHSDesc                0x200002c0   Data          41  usbd_customhid.o(.data)
    USBD_CUSTOM_HID_OtherSpeedCfgDesc        0x200002ec   Data          41  usbd_customhid.o(.data)
    USBD_CUSTOM_HID_Desc                     0x20000318   Data           9  usbd_customhid.o(.data)
    USBD_CUSTOM_HID_DeviceQualifierDesc      0x20000324   Data          10  usbd_customhid.o(.data)
    .data                                    0x20000330   Section        4  stdout.o(.data)
    .bss                                     0x20000334   Section       16  main.o(.bss)
    .bss                                     0x20000344   Section      204  usart.o(.bss)
    .bss                                     0x20000410   Section      708  usb_device.o(.bss)
    .bss                                     0x200006d4   Section      512  usbd_desc.o(.bss)
    .bss                                     0x200008d4   Section      836  usbd_conf.o(.bss)
    mem                                      0x200008d4   Data          88  usbd_conf.o(.bss)
    .bss                                     0x20000c18   Section       64  tm_stm32_usb_hid_device.o(.bss)
    buff                                     0x20000c18   Data          64  tm_stm32_usb_hid_device.o(.bss)
    .bss                                     0x20000c58   Section       44  tm_stm32_usb_hid_device.o(.bss)
    STACK                                    0x20000c88   Section     1024  startup_stm32f103xb.o(STACK)

    Global Symbols

    Symbol Name                              Value     Ov Type        Size  Object(Section)

    BuildAttributes$$THM_ISAv4$P$D$K$B$S$PE$A:L22UL41UL21$X:L11$S22US41US21$IEEE1$IW$USESV6$~STKCKD$USESV7$~SHL$OSPACE$ROPI$EBA8$MICROLIB$REQ8$PRES8$EABIv2 0x00000000   Number         0  anon$$obj.o ABSOLUTE
    __ARM_use_no_argv                        0x00000000   Number         0  main.o ABSOLUTE
    _printf_a                                0x00000000   Number         0  stubs.o ABSOLUTE
    _printf_c                                0x00000000   Number         0  stubs.o ABSOLUTE
    _printf_charcount                        0x00000000   Number         0  stubs.o ABSOLUTE
    _printf_d                                0x00000000   Number         0  stubs.o ABSOLUTE
    _printf_e                                0x00000000   Number         0  stubs.o ABSOLUTE
    _printf_f                                0x00000000   Number         0  stubs.o ABSOLUTE
    _printf_flags                            0x00000000   Number         0  stubs.o ABSOLUTE
    _printf_fp_dec                           0x00000000   Number         0  stubs.o ABSOLUTE
    _printf_fp_hex                           0x00000000   Number         0  stubs.o ABSOLUTE
    _printf_g                                0x00000000   Number         0  stubs.o ABSOLUTE
    _printf_i                                0x00000000   Number         0  stubs.o ABSOLUTE
    _printf_int_dec                          0x00000000   Number         0  stubs.o ABSOLUTE
    _printf_l                                0x00000000   Number         0  stubs.o ABSOLUTE
    _printf_lc                               0x00000000   Number         0  stubs.o ABSOLUTE
    _printf_ll                               0x00000000   Number         0  stubs.o ABSOLUTE
    _printf_lld                              0x00000000   Number         0  stubs.o ABSOLUTE
    _printf_lli                              0x00000000   Number         0  stubs.o ABSOLUTE
    _printf_llo                              0x00000000   Number         0  stubs.o ABSOLUTE
    _printf_llu                              0x00000000   Number         0  stubs.o ABSOLUTE
    _printf_llx                              0x00000000   Number         0  stubs.o ABSOLUTE
    _printf_longlong_dec                     0x00000000   Number         0  stubs.o ABSOLUTE
    _printf_longlong_hex                     0x00000000   Number         0  stubs.o ABSOLUTE
    _printf_longlong_oct                     0x00000000   Number         0  stubs.o ABSOLUTE
    _printf_ls                               0x00000000   Number         0  stubs.o ABSOLUTE
    _printf_mbtowc                           0x00000000   Number         0  stubs.o ABSOLUTE
    _printf_n                                0x00000000   Number         0  stubs.o ABSOLUTE
    _printf_o                                0x00000000   Number         0  stubs.o ABSOLUTE
    _printf_p                                0x00000000   Number         0  stubs.o ABSOLUTE
    _printf_percent                          0x00000000   Number         0  stubs.o ABSOLUTE
    _printf_pre_padding                      0x00000000   Number         0  stubs.o ABSOLUTE
    _printf_return_value                     0x00000000   Number         0  stubs.o ABSOLUTE
    _printf_s                                0x00000000   Number         0  stubs.o ABSOLUTE
    _printf_sizespec                         0x00000000   Number         0  stubs.o ABSOLUTE
    _printf_str                              0x00000000   Number         0  stubs.o ABSOLUTE
    _printf_truncate_signed                  0x00000000   Number         0  stubs.o ABSOLUTE
    _printf_truncate_unsigned                0x00000000   Number         0  stubs.o ABSOLUTE
    _printf_u                                0x00000000   Number         0  stubs.o ABSOLUTE
    _printf_wc                               0x00000000   Number         0  stubs.o ABSOLUTE
    _printf_wctomb                           0x00000000   Number         0  stubs.o ABSOLUTE
    _printf_widthprec                        0x00000000   Number         0  stubs.o ABSOLUTE
    _printf_x                                0x00000000   Number         0  stubs.o ABSOLUTE
    __arm_fini_                               - Undefined Weak Reference
    __cpp_initialize__aeabi_                  - Undefined Weak Reference
    __cxa_finalize                            - Undefined Weak Reference
    _clock_init                               - Undefined Weak Reference
    _microlib_exit                            - Undefined Weak Reference
    __Vectors_Size                           0x000000ec   Number         0  startup_stm32f103xb.o ABSOLUTE
    __Vectors                                0x08000000   Data           4  startup_stm32f103xb.o(RESET)
    __Vectors_End                            0x080000ec   Data           0  startup_stm32f103xb.o(RESET)
    __main                                   0x080000ed   Thumb Code     0  entry.o(.ARM.Collect$$$$00000000)
    _main_stk                                0x080000ed   Thumb Code     0  entry2.o(.ARM.Collect$$$$00000001)
    _main_scatterload                        0x080000f1   Thumb Code     0  entry5.o(.ARM.Collect$$$$00000004)
    __main_after_scatterload                 0x080000f5   Thumb Code     0  entry5.o(.ARM.Collect$$$$00000004)
    _main_clock                              0x080000f5   Thumb Code     0  entry7b.o(.ARM.Collect$$$$00000008)
    _main_cpp_init                           0x080000f5   Thumb Code     0  entry8b.o(.ARM.Collect$$$$0000000A)
    _main_init                               0x080000f5   Thumb Code     0  entry9a.o(.ARM.Collect$$$$0000000B)
    __rt_lib_shutdown_fini                   0x080000fd   Thumb Code     0  entry12b.o(.ARM.Collect$$$$0000000E)
    __rt_final_cpp                           0x08000101   Thumb Code     0  entry10a.o(.ARM.Collect$$$$0000000F)
    __rt_final_exit                          0x08000101   Thumb Code     0  entry11a.o(.ARM.Collect$$$$00000011)
    Reset_Handler                            0x08000105   Thumb Code     8  startup_stm32f103xb.o(.text)
    ADC1_2_IRQHandler                        0x0800011f   Thumb Code     0  startup_stm32f103xb.o(.text)
    CAN1_RX1_IRQHandler                      0x0800011f   Thumb Code     0  startup_stm32f103xb.o(.text)
    CAN1_SCE_IRQHandler                      0x0800011f   Thumb Code     0  startup_stm32f103xb.o(.text)
    DMA1_Channel1_IRQHandler                 0x0800011f   Thumb Code     0  startup_stm32f103xb.o(.text)
    DMA1_Channel2_IRQHandler                 0x0800011f   Thumb Code     0  startup_stm32f103xb.o(.text)
    DMA1_Channel3_IRQHandler                 0x0800011f   Thumb Code     0  startup_stm32f103xb.o(.text)
    DMA1_Channel4_IRQHandler                 0x0800011f   Thumb Code     0  startup_stm32f103xb.o(.text)
    DMA1_Channel5_IRQHandler                 0x0800011f   Thumb Code     0  startup_stm32f103xb.o(.text)
    DMA1_Channel7_IRQHandler                 0x0800011f   Thumb Code     0  startup_stm32f103xb.o(.text)
    EXTI0_IRQHandler                         0x0800011f   Thumb Code     0  startup_stm32f103xb.o(.text)
    EXTI15_10_IRQHandler                     0x0800011f   Thumb Code     0  startup_stm32f103xb.o(.text)
    EXTI1_IRQHandler                         0x0800011f   Thumb Code     0  startup_stm32f103xb.o(.text)
    EXTI2_IRQHandler                         0x0800011f   Thumb Code     0  startup_stm32f103xb.o(.text)
    EXTI3_IRQHandler                         0x0800011f   Thumb Code     0  startup_stm32f103xb.o(.text)
    EXTI4_IRQHandler                         0x0800011f   Thumb Code     0  startup_stm32f103xb.o(.text)
    EXTI9_5_IRQHandler                       0x0800011f   Thumb Code     0  startup_stm32f103xb.o(.text)
    FLASH_IRQHandler                         0x0800011f   Thumb Code     0  startup_stm32f103xb.o(.text)
    I2C1_ER_IRQHandler                       0x0800011f   Thumb Code     0  startup_stm32f103xb.o(.text)
    I2C1_EV_IRQHandler                       0x0800011f   Thumb Code     0  startup_stm32f103xb.o(.text)
    I2C2_ER_IRQHandler                       0x0800011f   Thumb Code     0  startup_stm32f103xb.o(.text)
    I2C2_EV_IRQHandler                       0x0800011f   Thumb Code     0  startup_stm32f103xb.o(.text)
    PVD_IRQHandler                           0x0800011f   Thumb Code     0  startup_stm32f103xb.o(.text)
    RCC_IRQHandler                           0x0800011f   Thumb Code     0  startup_stm32f103xb.o(.text)
    RTC_Alarm_IRQHandler                     0x0800011f   Thumb Code     0  startup_stm32f103xb.o(.text)
    RTC_IRQHandler                           0x0800011f   Thumb Code     0  startup_stm32f103xb.o(.text)
    SPI1_IRQHandler                          0x0800011f   Thumb Code     0  startup_stm32f103xb.o(.text)
    SPI2_IRQHandler                          0x0800011f   Thumb Code     0  startup_stm32f103xb.o(.text)
    TAMPER_IRQHandler                        0x0800011f   Thumb Code     0  startup_stm32f103xb.o(.text)
    TIM1_BRK_IRQHandler                      0x0800011f   Thumb Code     0  startup_stm32f103xb.o(.text)
    TIM1_CC_IRQHandler                       0x0800011f   Thumb Code     0  startup_stm32f103xb.o(.text)
    TIM1_TRG_COM_IRQHandler                  0x0800011f   Thumb Code     0  startup_stm32f103xb.o(.text)
    TIM1_UP_IRQHandler                       0x0800011f   Thumb Code     0  startup_stm32f103xb.o(.text)
    TIM2_IRQHandler                          0x0800011f   Thumb Code     0  startup_stm32f103xb.o(.text)
    TIM3_IRQHandler                          0x0800011f   Thumb Code     0  startup_stm32f103xb.o(.text)
    TIM4_IRQHandler                          0x0800011f   Thumb Code     0  startup_stm32f103xb.o(.text)
    USART1_IRQHandler                        0x0800011f   Thumb Code     0  startup_stm32f103xb.o(.text)
    USART3_IRQHandler                        0x0800011f   Thumb Code     0  startup_stm32f103xb.o(.text)
    USBWakeUp_IRQHandler                     0x0800011f   Thumb Code     0  startup_stm32f103xb.o(.text)
    USB_HP_CAN1_TX_IRQHandler                0x0800011f   Thumb Code     0  startup_stm32f103xb.o(.text)
    WWDG_IRQHandler                          0x0800011f   Thumb Code     0  startup_stm32f103xb.o(.text)
    __aeabi_llsr                             0x08000129   Thumb Code    32  llushr.o(.text)
    _ll_ushift_r                             0x08000129   Thumb Code     0  llushr.o(.text)
    __aeabi_memcpy                           0x08000149   Thumb Code    36  memcpya.o(.text)
    __aeabi_memcpy4                          0x08000149   Thumb Code     0  memcpya.o(.text)
    __aeabi_memcpy8                          0x08000149   Thumb Code     0  memcpya.o(.text)
    __aeabi_memset                           0x0800016d   Thumb Code    14  memseta.o(.text)
    __aeabi_memset4                          0x0800016d   Thumb Code     0  memseta.o(.text)
    __aeabi_memset8                          0x0800016d   Thumb Code     0  memseta.o(.text)
    __aeabi_memclr                           0x0800017b   Thumb Code     4  memseta.o(.text)
    __aeabi_memclr4                          0x0800017b   Thumb Code     0  memseta.o(.text)
    __aeabi_memclr8                          0x0800017b   Thumb Code     0  memseta.o(.text)
    _memset$wrapper                          0x0800017f   Thumb Code    18  memseta.o(.text)
    __aeabi_uldivmod                         0x08000191   Thumb Code    98  uldiv.o(.text)
    __scatterload                            0x080001f5   Thumb Code    28  init.o(.text)
    __scatterload_rt2                        0x080001f5   Thumb Code     0  init.o(.text)
    __aeabi_llsl                             0x08000219   Thumb Code    30  llshl.o(.text)
    _ll_shift_l                              0x08000219   Thumb Code     0  llshl.o(.text)
    __decompress                             0x08000237   Thumb Code     0  __dczerorl2.o(.text)
    __decompress1                            0x08000237   Thumb Code    86  __dczerorl2.o(.text)
    BusFault_Handler                         0x0800028d   Thumb Code     2  stm32f1xx_it.o(i.BusFault_Handler)
    DMA1_Channel6_IRQHandler                 0x0800029d   Thumb Code     6  stm32f1xx_it.o(i.DMA1_Channel6_IRQHandler)
    DebugMon_Handler                         0x080002d3   Thumb Code     2  stm32f1xx_it.o(i.DebugMon_Handler)
    Error_Handler                            0x080002d5   Thumb Code     4  main.o(i.Error_Handler)
    HAL_DMA_Abort                            0x080002d9   Thumb Code    70  stm32f1xx_hal_dma.o(i.HAL_DMA_Abort)
    HAL_DMA_IRQHandler                       0x08000321   Thumb Code   320  stm32f1xx_hal_dma.o(i.HAL_DMA_IRQHandler)
    HAL_DMA_Init                             0x08000479   Thumb Code    84  stm32f1xx_hal_dma.o(i.HAL_DMA_Init)
    HAL_DMA_Start_IT                         0x080004d5   Thumb Code   112  stm32f1xx_hal_dma.o(i.HAL_DMA_Start_IT)
    HAL_GPIO_Init                            0x08000545   Thumb Code   426  stm32f1xx_hal_gpio.o(i.HAL_GPIO_Init)
    HAL_GetTick                              0x08000711   Thumb Code     6  stm32f1xx_hal.o(i.HAL_GetTick)
    HAL_IncTick                              0x0800071d   Thumb Code    12  stm32f1xx_hal.o(i.HAL_IncTick)
    HAL_Init                                 0x0800072d   Thumb Code    32  stm32f1xx_hal.o(i.HAL_Init)
    HAL_InitTick                             0x08000751   Thumb Code    54  stm32f1xx_hal.o(i.HAL_InitTick)
    HAL_MspInit                              0x08000791   Thumb Code    52  stm32f1xx_hal_msp.o(i.HAL_MspInit)
    HAL_NVIC_EnableIRQ                       0x080007cd   Thumb Code    26  stm32f1xx_hal_cortex.o(i.HAL_NVIC_EnableIRQ)
    HAL_NVIC_SetPriority                     0x080007e9   Thumb Code    60  stm32f1xx_hal_cortex.o(i.HAL_NVIC_SetPriority)
    HAL_NVIC_SetPriorityGrouping             0x08000829   Thumb Code    26  stm32f1xx_hal_cortex.o(i.HAL_NVIC_SetPriorityGrouping)
    HAL_PCDEx_PMAConfig                      0x0800084d   Thumb Code    60  stm32f1xx_hal_pcd_ex.o(i.HAL_PCDEx_PMAConfig)
    HAL_PCDEx_SetConnectionState             0x08000889   Thumb Code     2  usbd_conf.o(i.HAL_PCDEx_SetConnectionState)
    HAL_PCD_DataInStageCallback              0x0800088b   Thumb Code    18  usbd_conf.o(i.HAL_PCD_DataInStageCallback)
    HAL_PCD_DataOutStageCallback             0x0800089d   Thumb Code    20  usbd_conf.o(i.HAL_PCD_DataOutStageCallback)
    HAL_PCD_EP_Close                         0x080008b1   Thumb Code    76  stm32f1xx_hal_pcd.o(i.HAL_PCD_EP_Close)
    HAL_PCD_EP_ClrStall                      0x080008fd   Thumb Code    92  stm32f1xx_hal_pcd.o(i.HAL_PCD_EP_ClrStall)
    HAL_PCD_EP_Open                          0x08000d69   Thumb Code    96  stm32f1xx_hal_pcd.o(i.HAL_PCD_EP_Open)
    HAL_PCD_EP_Receive                       0x08000dc9   Thumb Code    50  stm32f1xx_hal_pcd.o(i.HAL_PCD_EP_Receive)
    HAL_PCD_EP_SetStall                      0x08000dfb   Thumb Code   114  stm32f1xx_hal_pcd.o(i.HAL_PCD_EP_SetStall)
    HAL_PCD_EP_Transmit                      0x08000e6d   Thumb Code    52  stm32f1xx_hal_pcd.o(i.HAL_PCD_EP_Transmit)
    HAL_PCD_IRQHandler                       0x08000ea1   Thumb Code   340  stm32f1xx_hal_pcd.o(i.HAL_PCD_IRQHandler)
    HAL_PCD_Init                             0x08000ff5   Thumb Code   216  stm32f1xx_hal_pcd.o(i.HAL_PCD_Init)
    HAL_PCD_MspInit                          0x080010cd   Thumb Code    50  usbd_conf.o(i.HAL_PCD_MspInit)
    HAL_PCD_ResetCallback                    0x08001109   Thumb Code    38  usbd_conf.o(i.HAL_PCD_ResetCallback)
    HAL_PCD_ResumeCallback                   0x0800112f   Thumb Code     8  usbd_conf.o(i.HAL_PCD_ResumeCallback)
    HAL_PCD_SOFCallback                      0x08001137   Thumb Code     8  usbd_conf.o(i.HAL_PCD_SOFCallback)
    HAL_PCD_SetAddress                       0x0800113f   Thumb Code    40  stm32f1xx_hal_pcd.o(i.HAL_PCD_SetAddress)
    HAL_PCD_SetupStageCallback               0x08001167   Thumb Code    14  usbd_conf.o(i.HAL_PCD_SetupStageCallback)
    HAL_PCD_Start                            0x08001175   Thumb Code    50  stm32f1xx_hal_pcd.o(i.HAL_PCD_Start)
    HAL_PCD_SuspendCallback                  0x080011a9   Thumb Code    30  usbd_conf.o(i.HAL_PCD_SuspendCallback)
    HAL_RCCEx_PeriphCLKConfig                0x080011cd   Thumb Code   220  stm32f1xx_hal_rcc_ex.o(i.HAL_RCCEx_PeriphCLKConfig)
    HAL_RCC_ClockConfig                      0x080012b5   Thumb Code   292  stm32f1xx_hal_rcc.o(i.HAL_RCC_ClockConfig)
    HAL_RCC_GetPCLK1Freq                     0x080013ed   Thumb Code    20  stm32f1xx_hal_rcc.o(i.HAL_RCC_GetPCLK1Freq)
    HAL_RCC_GetPCLK2Freq                     0x0800140d   Thumb Code    20  stm32f1xx_hal_rcc.o(i.HAL_RCC_GetPCLK2Freq)
    HAL_RCC_GetSysClockFreq                  0x0800142d   Thumb Code    74  stm32f1xx_hal_rcc.o(i.HAL_RCC_GetSysClockFreq)
    HAL_RCC_OscConfig                        0x08001499   Thumb Code   770  stm32f1xx_hal_rcc.o(i.HAL_RCC_OscConfig)
    HAL_SYSTICK_Config                       0x080017b1   Thumb Code    40  stm32f1xx_hal_cortex.o(i.HAL_SYSTICK_Config)
    HAL_UARTEx_RxEventCallback               0x080017d9   Thumb Code     2  stm32f1xx_hal_uart.o(i.HAL_UARTEx_RxEventCallback)
    HAL_UART_DMAStop                         0x080017db   Thumb Code    88  stm32f1xx_hal_uart.o(i.HAL_UART_DMAStop)
    HAL_UART_ErrorCallback                   0x08001833   Thumb Code     2  stm32f1xx_hal_uart.o(i.HAL_UART_ErrorCallback)
    HAL_UART_Init                            0x08001835   Thumb Code    98  stm32f1xx_hal_uart.o(i.HAL_UART_Init)
    HAL_UART_MspInit                         0x08001899   Thumb Code   236  usart.o(i.HAL_UART_MspInit)
    HAL_UART_Receive_DMA                     0x0800199d   Thumb Code    42  stm32f1xx_hal_uart.o(i.HAL_UART_Receive_DMA)
    HAL_UART_RxCpltCallback                  0x080019c7   Thumb Code     2  stm32f1xx_hal_uart.o(i.HAL_UART_RxCpltCallback)
    HAL_UART_RxHalfCpltCallback              0x080019c9   Thumb Code     2  stm32f1xx_hal_uart.o(i.HAL_UART_RxHalfCpltCallback)
    HAL_UART_Transmit                        0x080019cb   Thumb Code   176  stm32f1xx_hal_uart.o(i.HAL_UART_Transmit)
    HardFault_Handler                        0x08001a7b   Thumb Code     2  stm32f1xx_it.o(i.HardFault_Handler)
    MX_DMA_Init                              0x08001ab5   Thumb Code    40  dma.o(i.MX_DMA_Init)
    MX_GPIO_Init                             0x08001ae1   Thumb Code    38  gpio.o(i.MX_GPIO_Init)
    MX_USART1_UART_Init                      0x08001b0d   Thumb Code    48  usart.o(i.MX_USART1_UART_Init)
    MX_USART2_UART_Init                      0x08001b45   Thumb Code    48  usart.o(i.MX_USART2_UART_Init)
    MX_USB_DEVICE_Init                       0x08001b7d   Thumb Code    66  usb_device.o(i.MX_USB_DEVICE_Init)
    MemManage_Handler                        0x08001bd1   Thumb Code     2  stm32f1xx_it.o(i.MemManage_Handler)
    NMI_Handler                              0x08001bd3   Thumb Code     2  stm32f1xx_it.o(i.NMI_Handler)
    PendSV_Handler                           0x08001ed5   Thumb Code     2  stm32f1xx_it.o(i.PendSV_Handler)
    SVC_Handler                              0x08001ed7   Thumb Code     2  stm32f1xx_it.o(i.SVC_Handler)
    SysTick_Handler                          0x08001ed9   Thumb Code    14  stm32f1xx_it.o(i.SysTick_Handler)
    SystemClock_Config                       0x08001ee7   Thumb Code   118  main.o(i.SystemClock_Config)
    SystemInit                               0x08001f5d   Thumb Code     2  system_stm32f1xx.o(i.SystemInit)
    Systick_isr                              0x08001f61   Thumb Code    18  main.o(i.Systick_isr)
    TM_USB_HIDDEVICE_DualShock4_Send         0x08001f7d   Thumb Code   200  tm_stm32_usb_hid_device.o(i.TM_USB_HIDDEVICE_DualShock4_Send)
    TM_USB_HIDEVICE_DualShock4_StructInit    0x0800204d   Thumb Code    64  tm_stm32_usb_hid_device.o(i.TM_USB_HIDEVICE_DualShock4_StructInit)
    UART_Start_Receive_DMA                   0x08002249   Thumb Code   102  stm32f1xx_hal_uart.o(i.UART_Start_Receive_DMA)
    USART2_IRQHandler                        0x08002321   Thumb Code    62  stm32f1xx_it.o(i.USART2_IRQHandler)
    USBD_CUSTOM_HID_RegisterInterface        0x0800247d   Thumb Code    16  usbd_customhid.o(i.USBD_CUSTOM_HID_RegisterInterface)
    USBD_CUSTOM_HID_SendReport               0x0800248d   Thumb Code    44  usbd_customhid.o(i.USBD_CUSTOM_HID_SendReport)
    USBD_ClrClassConfig                      0x080025c1   Thumb Code    14  usbd_core.o(i.USBD_ClrClassConfig)
    USBD_CtlContinueRx                       0x080025cf   Thumb Code    16  usbd_ioreq.o(i.USBD_CtlContinueRx)
    USBD_CtlContinueSendData                 0x080025df   Thumb Code    16  usbd_ioreq.o(i.USBD_CtlContinueSendData)
    USBD_CtlError                            0x080025ef   Thumb Code    22  usbd_ctlreq.o(i.USBD_CtlError)
    USBD_CtlPrepareRx                        0x08002605   Thumb Code    30  usbd_ioreq.o(i.USBD_CtlPrepareRx)
    USBD_CtlReceiveStatus                    0x08002623   Thumb Code    22  usbd_ioreq.o(i.USBD_CtlReceiveStatus)
    USBD_CtlSendData                         0x08002639   Thumb Code    26  usbd_ioreq.o(i.USBD_CtlSendData)
    USBD_CtlSendStatus                       0x08002653   Thumb Code    22  usbd_ioreq.o(i.USBD_CtlSendStatus)
    USBD_FS_ConfigStrDescriptor              0x08002669   Thumb Code    16  usbd_desc.o(i.USBD_FS_ConfigStrDescriptor)
    USBD_FS_DeviceDescriptor                 0x08002691   Thumb Code     8  usbd_desc.o(i.USBD_FS_DeviceDescriptor)
    USBD_FS_InterfaceStrDescriptor           0x0800269d   Thumb Code    16  usbd_desc.o(i.USBD_FS_InterfaceStrDescriptor)
    USBD_FS_LangIDStrDescriptor              0x080026c9   Thumb Code     8  usbd_desc.o(i.USBD_FS_LangIDStrDescriptor)
    USBD_FS_ManufacturerStrDescriptor        0x080026d5   Thumb Code    16  usbd_desc.o(i.USBD_FS_ManufacturerStrDescriptor)
    USBD_FS_ProductStrDescriptor             0x080026fd   Thumb Code    16  usbd_desc.o(i.USBD_FS_ProductStrDescriptor)
    USBD_FS_SerialStrDescriptor              0x08002725   Thumb Code    48  usbd_desc.o(i.USBD_FS_SerialStrDescriptor)
    USBD_GetString                           0x08002845   Thumb Code    72  usbd_ctlreq.o(i.USBD_GetString)
    USBD_Init                                0x080028a5   Thumb Code    42  usbd_core.o(i.USBD_Init)
    USBD_LL_ClearStallEP                     0x080028cf   Thumb Code    18  usbd_conf.o(i.USBD_LL_ClearStallEP)
    USBD_LL_CloseEP                          0x080028e1   Thumb Code    18  usbd_conf.o(i.USBD_LL_CloseEP)
    USBD_LL_DataInStage                      0x080028f3   Thumb Code   198  usbd_core.o(i.USBD_LL_DataInStage)
    USBD_LL_DataOutStage                     0x080029b9   Thumb Code   130  usbd_core.o(i.USBD_LL_DataOutStage)
    USBD_LL_Init                             0x08002a3d   Thumb Code   102  usbd_conf.o(i.USBD_LL_Init)
    USBD_LL_IsStallEP                        0x08002aad   Thumb Code    32  usbd_conf.o(i.USBD_LL_IsStallEP)
    USBD_LL_OpenEP                           0x08002acd   Thumb Code    24  usbd_conf.o(i.USBD_LL_OpenEP)
    USBD_LL_PrepareReceive                   0x08002ae5   Thumb Code    18  usbd_conf.o(i.USBD_LL_PrepareReceive)
    USBD_LL_Reset                            0x08002af7   Thumb Code    80  usbd_core.o(i.USBD_LL_Reset)
    USBD_LL_Resume                           0x08002b47   Thumb Code    20  usbd_core.o(i.USBD_LL_Resume)
    USBD_LL_SOF                              0x08002b5b   Thumb Code    24  usbd_core.o(i.USBD_LL_SOF)
    USBD_LL_SetSpeed                         0x08002b73   Thumb Code     6  usbd_core.o(i.USBD_LL_SetSpeed)
    USBD_LL_SetUSBAddress                    0x08002b79   Thumb Code    18  usbd_conf.o(i.USBD_LL_SetUSBAddress)
    USBD_LL_SetupStage                       0x08002b8b   Thumb Code    90  usbd_core.o(i.USBD_LL_SetupStage)
    USBD_LL_StallEP                          0x08002be5   Thumb Code    18  usbd_conf.o(i.USBD_LL_StallEP)
    USBD_LL_Start                            0x08002bf7   Thumb Code    18  usbd_conf.o(i.USBD_LL_Start)
    USBD_LL_Suspend                          0x08002c09   Thumb Code    18  usbd_core.o(i.USBD_LL_Suspend)
    USBD_LL_Transmit                         0x08002c1b   Thumb Code    18  usbd_conf.o(i.USBD_LL_Transmit)
    USBD_ParseSetupRequest                   0x08002c2d   Thumb Code    40  usbd_ctlreq.o(i.USBD_ParseSetupRequest)
    USBD_RegisterClass                       0x08002c55   Thumb Code    16  usbd_core.o(i.USBD_RegisterClass)
    USBD_SetClassConfig                      0x08002c65   Thumb Code    22  usbd_core.o(i.USBD_SetClassConfig)
    USBD_Start                               0x08002d01   Thumb Code    10  usbd_core.o(i.USBD_Start)
    USBD_StdDevReq                           0x08002d0b   Thumb Code   274  usbd_ctlreq.o(i.USBD_StdDevReq)
    USBD_StdEPReq                            0x08002e1d   Thumb Code   336  usbd_ctlreq.o(i.USBD_StdEPReq)
    USBD_StdItfReq                           0x08002f6d   Thumb Code    78  usbd_ctlreq.o(i.USBD_StdItfReq)
    USBD_static_free                         0x08002fbb   Thumb Code     2  usbd_conf.o(i.USBD_static_free)
    USBD_static_malloc                       0x08002fbd   Thumb Code     4  usbd_conf.o(i.USBD_static_malloc)
    USB_ActivateEndpoint                     0x08002fc5   Thumb Code   626  stm32f1xx_ll_usb.o(i.USB_ActivateEndpoint)
    USB_CoreInit                             0x08003237   Thumb Code     4  stm32f1xx_ll_usb.o(i.USB_CoreInit)
    USB_DeactivateEndpoint                   0x0800323b   Thumb Code   272  stm32f1xx_ll_usb.o(i.USB_DeactivateEndpoint)
    USB_DevConnect                           0x0800334b   Thumb Code     4  stm32f1xx_ll_usb.o(i.USB_DevConnect)
    USB_DevDisconnect                        0x0800334f   Thumb Code     4  stm32f1xx_ll_usb.o(i.USB_DevDisconnect)
    USB_DevInit                              0x08003353   Thumb Code    18  stm32f1xx_ll_usb.o(i.USB_DevInit)
    USB_DisableGlobalInt                     0x08003365   Thumb Code    14  stm32f1xx_ll_usb.o(i.USB_DisableGlobalInt)
    USB_EP0_OutStart                         0x08003373   Thumb Code     4  stm32f1xx_ll_usb.o(i.USB_EP0_OutStart)
    USB_EPClearStall                         0x08003377   Thumb Code   116  stm32f1xx_ll_usb.o(i.USB_EPClearStall)
    USB_EPSetStall                           0x080033eb   Thumb Code    50  stm32f1xx_ll_usb.o(i.USB_EPSetStall)
    USB_EPStartXfer                          0x0800341d   Thumb Code  1544  stm32f1xx_ll_usb.o(i.USB_EPStartXfer)
    USB_EnableGlobalInt                      0x08003a25   Thumb Code    18  stm32f1xx_ll_usb.o(i.USB_EnableGlobalInt)
    USB_LP_CAN1_RX0_IRQHandler               0x08003a39   Thumb Code     6  stm32f1xx_it.o(i.USB_LP_CAN1_RX0_IRQHandler)
    USB_ReadInterrupts                       0x08003a45   Thumb Code     6  stm32f1xx_ll_usb.o(i.USB_ReadInterrupts)
    USB_ReadPMA                              0x08003a4b   Thumb Code    42  stm32f1xx_ll_usb.o(i.USB_ReadPMA)
    USB_SetCurrentMode                       0x08003a75   Thumb Code     4  stm32f1xx_ll_usb.o(i.USB_SetCurrentMode)
    USB_SetDevAddress                        0x08003a79   Thumb Code    12  stm32f1xx_ll_usb.o(i.USB_SetDevAddress)
    USB_WritePMA                             0x08003a85   Thumb Code    38  stm32f1xx_ll_usb.o(i.USB_WritePMA)
    UsageFault_Handler                       0x08003aab   Thumb Code     2  stm32f1xx_it.o(i.UsageFault_Handler)
    __0printf$5                              0x08003aad   Thumb Code    22  printf5.o(i.__0printf$5)
    __1printf$5                              0x08003aad   Thumb Code     0  printf5.o(i.__0printf$5)
    __2printf                                0x08003aad   Thumb Code     0  printf5.o(i.__0printf$5)
    __scatterload_copy                       0x08003aed   Thumb Code    14  handlers.o(i.__scatterload_copy)
    __scatterload_null                       0x08003afb   Thumb Code     2  handlers.o(i.__scatterload_null)
    __scatterload_zeroinit                   0x08003afd   Thumb Code    14  handlers.o(i.__scatterload_zeroinit)
    fputc                                    0x08003dcd   Thumb Code    20  main.o(i.fputc)
    main                                     0x08003de5   Thumb Code   242  main.o(i.main)
    AHBPrescTable                            0x08003f00   Data          16  system_stm32f1xx.o(.constdata)
    APBPrescTable                            0x08003f10   Data           8  system_stm32f1xx.o(.constdata)
    Region$$Table$$Base                      0x08003f18   Number         0  anon$$obj.o(Region$$Table)
    Region$$Table$$Limit                     0x08003f38   Number         0  anon$$obj.o(Region$$Table)
    init_done                                0x20000000   Data           1  main.o(.data)
    tx_buf                                   0x20000001   Data          11  main.o(.data)
    FS_Desc                                  0x2000000c   Data          28  usbd_desc.o(.data)
    USBD_LangIDDesc                          0x20000028   Data           4  usbd_desc.o(.data)
    USBD_FS_DeviceDesc                       0x2000002c   Data          18  usbd_desc.o(.data)
    USBD_StringSerial                        0x20000040   Data          26  usbd_desc.o(.data)
    USBD_CustomHID_fops_FS                   0x20000230   Data          16  usbd_custom_hid_if.o(.data)
    TM_USB_HIDDEVICE_INT_Status              0x20000240   Data           1  tm_stm32_usb_hid_device.o(.data)
    uwTickFreq                               0x20000248   Data           1  stm32f1xx_hal.o(.data)
    uwTickPrio                               0x2000024c   Data           4  stm32f1xx_hal.o(.data)
    uwTick                                   0x20000250   Data           4  stm32f1xx_hal.o(.data)
    SystemCoreClock                          0x20000254   Data           4  system_stm32f1xx.o(.data)
    USBD_CUSTOM_HID                          0x2000025c   Data          56  usbd_customhid.o(.data)
    __stdout                                 0x20000330   Data           4  stdout.o(.data)
    usart2Recv                               0x20000334   Data          16  main.o(.bss)
    huart1                                   0x20000344   Data          68  usart.o(.bss)
    huart2                                   0x20000388   Data          68  usart.o(.bss)
    hdma_usart2_rx                           0x200003cc   Data          68  usart.o(.bss)
    hUsbDeviceFS                             0x20000410   Data         708  usb_device.o(.bss)
    USBD_StrDesc                             0x200006d4   Data         512  usbd_desc.o(.bss)
    hpcd_USB_FS                              0x2000092c   Data         748  usbd_conf.o(.bss)
    DS4_1                                    0x20000c58   Data          44  tm_stm32_usb_hid_device.o(.bss)
    __initial_sp                             0x20001088   Data           0  startup_stm32f103xb.o(STACK)



==============================================================================

Memory Map of the image

  Image Entry point : 0x080000ed

  Load Region LR_IROM1 (Base: 0x08000000, Size: 0x0000426c, Max: 0x00080000, ABSOLUTE, COMPRESSED[0x00004158])

    Execution Region ER_IROM1 (Exec base: 0x08000000, Load base: 0x08000000, Size: 0x00003f38, Max: 0x00080000, ABSOLUTE)

    Exec Addr    Load Addr    Size         Type   Attr      Idx    E Section Name        Object

    0x08000000   0x08000000   0x000000ec   Data   RO            3    RESET               startup_stm32f103xb.o
    0x080000ec   0x080000ec   0x00000000   Code   RO         3152  * .ARM.Collect$$$$00000000  mc_w.l(entry.o)
    0x080000ec   0x080000ec   0x00000004   Code   RO         3424    .ARM.Collect$$$$00000001  mc_w.l(entry2.o)
    0x080000f0   0x080000f0   0x00000004   Code   RO         3427    .ARM.Collect$$$$00000004  mc_w.l(entry5.o)
    0x080000f4   0x080000f4   0x00000000   Code   RO         3429    .ARM.Collect$$$$00000008  mc_w.l(entry7b.o)
    0x080000f4   0x080000f4   0x00000000   Code   RO         3431    .ARM.Collect$$$$0000000A  mc_w.l(entry8b.o)
    0x080000f4   0x080000f4   0x00000008   Code   RO         3432    .ARM.Collect$$$$0000000B  mc_w.l(entry9a.o)
    0x080000fc   0x080000fc   0x00000004   Code   RO         3439    .ARM.Collect$$$$0000000E  mc_w.l(entry12b.o)
    0x08000100   0x08000100   0x00000000   Code   RO         3434    .ARM.Collect$$$$0000000F  mc_w.l(entry10a.o)
    0x08000100   0x08000100   0x00000000   Code   RO         3436    .ARM.Collect$$$$00000011  mc_w.l(entry11a.o)
    0x08000100   0x08000100   0x00000004   Code   RO         3425    .ARM.Collect$$$$00002712  mc_w.l(entry2.o)
    0x08000104   0x08000104   0x00000024   Code   RO            4    .text               startup_stm32f103xb.o
    0x08000128   0x08000128   0x00000020   Code   RO         3155    .text               mc_w.l(llushr.o)
    0x08000148   0x08000148   0x00000024   Code   RO         3157    .text               mc_w.l(memcpya.o)
    0x0800016c   0x0800016c   0x00000024   Code   RO         3159    .text               mc_w.l(memseta.o)
    0x08000190   0x08000190   0x00000062   Code   RO         3443    .text               mc_w.l(uldiv.o)
    0x080001f2   0x080001f2   0x00000002   PAD
    0x080001f4   0x080001f4   0x00000024   Code   RO         3456    .text               mc_w.l(init.o)
    0x08000218   0x08000218   0x0000001e   Code   RO         3458    .text               mc_w.l(llshl.o)
    0x08000236   0x08000236   0x00000056   Code   RO         3472    .text               mc_w.l(__dczerorl2.o)
    0x0800028c   0x0800028c   0x00000002   Code   RO          306    i.BusFault_Handler  stm32f1xx_it.o
    0x0800028e   0x0800028e   0x00000004   Code   RO          545    i.CUSTOM_HID_DeInit_FS  usbd_custom_hid_if.o
    0x08000292   0x08000292   0x00000004   Code   RO          546    i.CUSTOM_HID_Init_FS  usbd_custom_hid_if.o
    0x08000296   0x08000296   0x00000004   Code   RO          547    i.CUSTOM_HID_OutEvent_FS  usbd_custom_hid_if.o
    0x0800029a   0x0800029a   0x00000002   PAD
    0x0800029c   0x0800029c   0x0000000c   Code   RO          307    i.DMA1_Channel6_IRQHandler  stm32f1xx_it.o
    0x080002a8   0x080002a8   0x0000002a   Code   RO         1777    i.DMA_SetConfig     stm32f1xx_hal_dma.o
    0x080002d2   0x080002d2   0x00000002   Code   RO          308    i.DebugMon_Handler  stm32f1xx_it.o
    0x080002d4   0x080002d4   0x00000004   Code   RO           13    i.Error_Handler     main.o
    0x080002d8   0x080002d8   0x00000046   Code   RO         1778    i.HAL_DMA_Abort     stm32f1xx_hal_dma.o
    0x0800031e   0x0800031e   0x00000002   PAD
    0x08000320   0x08000320   0x00000158   Code   RO         1783    i.HAL_DMA_IRQHandler  stm32f1xx_hal_dma.o
    0x08000478   0x08000478   0x0000005c   Code   RO         1784    i.HAL_DMA_Init      stm32f1xx_hal_dma.o
    0x080004d4   0x080004d4   0x00000070   Code   RO         1788    i.HAL_DMA_Start_IT  stm32f1xx_hal_dma.o
    0x08000544   0x08000544   0x000001cc   Code   RO         1714    i.HAL_GPIO_Init     stm32f1xx_hal_gpio.o
    0x08000710   0x08000710   0x0000000c   Code   RO         1410    i.HAL_GetTick       stm32f1xx_hal.o
    0x0800071c   0x0800071c   0x00000010   Code   RO         1416    i.HAL_IncTick       stm32f1xx_hal.o
    0x0800072c   0x0800072c   0x00000024   Code   RO         1417    i.HAL_Init          stm32f1xx_hal.o
    0x08000750   0x08000750   0x00000040   Code   RO         1418    i.HAL_InitTick      stm32f1xx_hal.o
    0x08000790   0x08000790   0x0000003c   Code   RO          400    i.HAL_MspInit       stm32f1xx_hal_msp.o
    0x080007cc   0x080007cc   0x0000001a   Code   RO         1874    i.HAL_NVIC_EnableIRQ  stm32f1xx_hal_cortex.o
    0x080007e6   0x080007e6   0x00000002   PAD
    0x080007e8   0x080007e8   0x00000040   Code   RO         1880    i.HAL_NVIC_SetPriority  stm32f1xx_hal_cortex.o
    0x08000828   0x08000828   0x00000024   Code   RO         1881    i.HAL_NVIC_SetPriorityGrouping  stm32f1xx_hal_cortex.o
    0x0800084c   0x0800084c   0x0000003c   Code   RO         1179    i.HAL_PCDEx_PMAConfig  stm32f1xx_hal_pcd_ex.o
    0x08000888   0x08000888   0x00000002   Code   RO          586    i.HAL_PCDEx_SetConnectionState  usbd_conf.o
    0x0800088a   0x0800088a   0x00000012   Code   RO          588    i.HAL_PCD_DataInStageCallback  usbd_conf.o
    0x0800089c   0x0800089c   0x00000014   Code   RO          589    i.HAL_PCD_DataOutStageCallback  usbd_conf.o
    0x080008b0   0x080008b0   0x0000004c   Code   RO          955    i.HAL_PCD_EP_Close  stm32f1xx_hal_pcd.o
    0x080008fc   0x080008fc   0x0000005c   Code   RO          956    i.HAL_PCD_EP_ClrStall  stm32f1xx_hal_pcd.o
    0x08000958   0x08000958   0x000000e4   Code   RO          957    i.HAL_PCD_EP_DB_Receive  stm32f1xx_hal_pcd.o
    0x08000a3c   0x08000a3c   0x0000032c   Code   RO          958    i.HAL_PCD_EP_DB_Transmit  stm32f1xx_hal_pcd.o
    0x08000d68   0x08000d68   0x00000060   Code   RO          961    i.HAL_PCD_EP_Open   stm32f1xx_hal_pcd.o
    0x08000dc8   0x08000dc8   0x00000032   Code   RO          962    i.HAL_PCD_EP_Receive  stm32f1xx_hal_pcd.o
    0x08000dfa   0x08000dfa   0x00000072   Code   RO          963    i.HAL_PCD_EP_SetStall  stm32f1xx_hal_pcd.o
    0x08000e6c   0x08000e6c   0x00000034   Code   RO          964    i.HAL_PCD_EP_Transmit  stm32f1xx_hal_pcd.o
    0x08000ea0   0x08000ea0   0x00000154   Code   RO          966    i.HAL_PCD_IRQHandler  stm32f1xx_hal_pcd.o
    0x08000ff4   0x08000ff4   0x000000d8   Code   RO          969    i.HAL_PCD_Init      stm32f1xx_hal_pcd.o
    0x080010cc   0x080010cc   0x0000003c   Code   RO          594    i.HAL_PCD_MspInit   usbd_conf.o
    0x08001108   0x08001108   0x00000026   Code   RO          595    i.HAL_PCD_ResetCallback  usbd_conf.o
    0x0800112e   0x0800112e   0x00000008   Code   RO          596    i.HAL_PCD_ResumeCallback  usbd_conf.o
    0x08001136   0x08001136   0x00000008   Code   RO          597    i.HAL_PCD_SOFCallback  usbd_conf.o
    0x0800113e   0x0800113e   0x00000028   Code   RO          975    i.HAL_PCD_SetAddress  stm32f1xx_hal_pcd.o
    0x08001166   0x08001166   0x0000000e   Code   RO          598    i.HAL_PCD_SetupStageCallback  usbd_conf.o
    0x08001174   0x08001174   0x00000032   Code   RO          977    i.HAL_PCD_Start     stm32f1xx_hal_pcd.o
    0x080011a6   0x080011a6   0x00000002   PAD
    0x080011a8   0x080011a8   0x00000024   Code   RO          599    i.HAL_PCD_SuspendCallback  usbd_conf.o
    0x080011cc   0x080011cc   0x000000e8   Code   RO         1677    i.HAL_RCCEx_PeriphCLKConfig  stm32f1xx_hal_rcc_ex.o
    0x080012b4   0x080012b4   0x00000138   Code   RO         1574    i.HAL_RCC_ClockConfig  stm32f1xx_hal_rcc.o
    0x080013ec   0x080013ec   0x00000020   Code   RO         1581    i.HAL_RCC_GetPCLK1Freq  stm32f1xx_hal_rcc.o
    0x0800140c   0x0800140c   0x00000020   Code   RO         1582    i.HAL_RCC_GetPCLK2Freq  stm32f1xx_hal_rcc.o
    0x0800142c   0x0800142c   0x0000006c   Code   RO         1583    i.HAL_RCC_GetSysClockFreq  stm32f1xx_hal_rcc.o
    0x08001498   0x08001498   0x00000318   Code   RO         1586    i.HAL_RCC_OscConfig  stm32f1xx_hal_rcc.o
    0x080017b0   0x080017b0   0x00000028   Code   RO         1885    i.HAL_SYSTICK_Config  stm32f1xx_hal_cortex.o
    0x080017d8   0x080017d8   0x00000002   Code   RO         2421    i.HAL_UARTEx_RxEventCallback  stm32f1xx_hal_uart.o
    0x080017da   0x080017da   0x00000058   Code   RO         2433    i.HAL_UART_DMAStop  stm32f1xx_hal_uart.o
    0x08001832   0x08001832   0x00000002   Code   RO         2435    i.HAL_UART_ErrorCallback  stm32f1xx_hal_uart.o
    0x08001834   0x08001834   0x00000062   Code   RO         2439    i.HAL_UART_Init     stm32f1xx_hal_uart.o
    0x08001896   0x08001896   0x00000002   PAD
    0x08001898   0x08001898   0x00000104   Code   RO          259    i.HAL_UART_MspInit  usart.o
    0x0800199c   0x0800199c   0x0000002a   Code   RO         2443    i.HAL_UART_Receive_DMA  stm32f1xx_hal_uart.o
    0x080019c6   0x080019c6   0x00000002   Code   RO         2445    i.HAL_UART_RxCpltCallback  stm32f1xx_hal_uart.o
    0x080019c8   0x080019c8   0x00000002   Code   RO         2446    i.HAL_UART_RxHalfCpltCallback  stm32f1xx_hal_uart.o
    0x080019ca   0x080019ca   0x000000b0   Code   RO         2447    i.HAL_UART_Transmit  stm32f1xx_hal_uart.o
    0x08001a7a   0x08001a7a   0x00000002   Code   RO          309    i.HardFault_Handler  stm32f1xx_it.o
    0x08001a7c   0x08001a7c   0x00000036   Code   RO          459    i.IntToUnicode      usbd_desc.o
    0x08001ab2   0x08001ab2   0x00000002   PAD
    0x08001ab4   0x08001ab4   0x0000002c   Code   RO          234    i.MX_DMA_Init       dma.o
    0x08001ae0   0x08001ae0   0x0000002c   Code   RO          206    i.MX_GPIO_Init      gpio.o
    0x08001b0c   0x08001b0c   0x00000038   Code   RO          260    i.MX_USART1_UART_Init  usart.o
    0x08001b44   0x08001b44   0x00000038   Code   RO          261    i.MX_USART2_UART_Init  usart.o
    0x08001b7c   0x08001b7c   0x00000054   Code   RO          424    i.MX_USB_DEVICE_Init  usb_device.o
    0x08001bd0   0x08001bd0   0x00000002   Code   RO          310    i.MemManage_Handler  stm32f1xx_it.o
    0x08001bd2   0x08001bd2   0x00000002   Code   RO          311    i.NMI_Handler       stm32f1xx_it.o
    0x08001bd4   0x08001bd4   0x00000300   Code   RO          981    i.PCD_EP_ISR_Handler  stm32f1xx_hal_pcd.o
    0x08001ed4   0x08001ed4   0x00000002   Code   RO          312    i.PendSV_Handler    stm32f1xx_it.o
    0x08001ed6   0x08001ed6   0x00000002   Code   RO          313    i.SVC_Handler       stm32f1xx_it.o
    0x08001ed8   0x08001ed8   0x0000000e   Code   RO          314    i.SysTick_Handler   stm32f1xx_it.o
    0x08001ee6   0x08001ee6   0x00000076   Code   RO           14    i.SystemClock_Config  main.o
    0x08001f5c   0x08001f5c   0x00000002   Code   RO         2768    i.SystemInit        system_stm32f1xx.o
    0x08001f5e   0x08001f5e   0x00000002   PAD
    0x08001f60   0x08001f60   0x0000001c   Code   RO           15    i.Systick_isr       main.o
    0x08001f7c   0x08001f7c   0x000000d0   Code   RO          798    i.TM_USB_HIDDEVICE_DualShock4_Send  tm_stm32_usb_hid_device.o
    0x0800204c   0x0800204c   0x00000044   Code   RO          811    i.TM_USB_HIDEVICE_DualShock4_StructInit  tm_stm32_usb_hid_device.o
    0x08002090   0x08002090   0x0000004a   Code   RO         2453    i.UART_DMAError     stm32f1xx_hal_uart.o
    0x080020da   0x080020da   0x0000005a   Code   RO         2454    i.UART_DMAReceiveCplt  stm32f1xx_hal_uart.o
    0x08002134   0x08002134   0x0000001a   Code   RO         2456    i.UART_DMARxHalfCplt  stm32f1xx_hal_uart.o
    0x0800214e   0x0800214e   0x00000030   Code   RO         2462    i.UART_EndRxTransfer  stm32f1xx_hal_uart.o
    0x0800217e   0x0800217e   0x00000012   Code   RO         2463    i.UART_EndTxTransfer  stm32f1xx_hal_uart.o
    0x08002190   0x08002190   0x000000b8   Code   RO         2465    i.UART_SetConfig    stm32f1xx_hal_uart.o
    0x08002248   0x08002248   0x00000074   Code   RO         2466    i.UART_Start_Receive_DMA  stm32f1xx_hal_uart.o
    0x080022bc   0x080022bc   0x00000062   Code   RO         2468    i.UART_WaitOnFlagUntilTimeout  stm32f1xx_hal_uart.o
    0x0800231e   0x0800231e   0x00000002   PAD
    0x08002320   0x08002320   0x0000004c   Code   RO          315    i.USART2_IRQHandler  stm32f1xx_it.o
    0x0800236c   0x0800236c   0x0000000e   Code   RO         3068    i.USBD_CUSTOM_HID_DataIn  usbd_customhid.o
    0x0800237a   0x0800237a   0x00000024   Code   RO         3069    i.USBD_CUSTOM_HID_DataOut  usbd_customhid.o
    0x0800239e   0x0800239e   0x00000038   Code   RO         3070    i.USBD_CUSTOM_HID_DeInit  usbd_customhid.o
    0x080023d6   0x080023d6   0x00000022   Code   RO         3071    i.USBD_CUSTOM_HID_EP0_RxReady  usbd_customhid.o
    0x080023f8   0x080023f8   0x0000000c   Code   RO         3072    i.USBD_CUSTOM_HID_GetDeviceQualifierDesc  usbd_customhid.o
    0x08002404   0x08002404   0x0000000c   Code   RO         3073    i.USBD_CUSTOM_HID_GetFSCfgDesc  usbd_customhid.o
    0x08002410   0x08002410   0x0000000c   Code   RO         3074    i.USBD_CUSTOM_HID_GetHSCfgDesc  usbd_customhid.o
    0x0800241c   0x0800241c   0x0000000c   Code   RO         3075    i.USBD_CUSTOM_HID_GetOtherSpeedCfgDesc  usbd_customhid.o
    0x08002428   0x08002428   0x00000054   Code   RO         3076    i.USBD_CUSTOM_HID_Init  usbd_customhid.o
    0x0800247c   0x0800247c   0x00000010   Code   RO         3077    i.USBD_CUSTOM_HID_RegisterInterface  usbd_customhid.o
    0x0800248c   0x0800248c   0x0000002c   Code   RO         3078    i.USBD_CUSTOM_HID_SendReport  usbd_customhid.o
    0x080024b8   0x080024b8   0x00000108   Code   RO         3079    i.USBD_CUSTOM_HID_Setup  usbd_customhid.o
    0x080025c0   0x080025c0   0x0000000e   Code   RO         2805    i.USBD_ClrClassConfig  usbd_core.o
    0x080025ce   0x080025ce   0x00000010   Code   RO         3008    i.USBD_CtlContinueRx  usbd_ioreq.o
    0x080025de   0x080025de   0x00000010   Code   RO         3009    i.USBD_CtlContinueSendData  usbd_ioreq.o
    0x080025ee   0x080025ee   0x00000016   Code   RO         2943    i.USBD_CtlError     usbd_ctlreq.o
    0x08002604   0x08002604   0x0000001e   Code   RO         3010    i.USBD_CtlPrepareRx  usbd_ioreq.o
    0x08002622   0x08002622   0x00000016   Code   RO         3011    i.USBD_CtlReceiveStatus  usbd_ioreq.o
    0x08002638   0x08002638   0x0000001a   Code   RO         3012    i.USBD_CtlSendData  usbd_ioreq.o
    0x08002652   0x08002652   0x00000016   Code   RO         3013    i.USBD_CtlSendStatus  usbd_ioreq.o
    0x08002668   0x08002668   0x00000028   Code   RO          460    i.USBD_FS_ConfigStrDescriptor  usbd_desc.o
    0x08002690   0x08002690   0x0000000c   Code   RO          461    i.USBD_FS_DeviceDescriptor  usbd_desc.o
    0x0800269c   0x0800269c   0x0000002c   Code   RO          462    i.USBD_FS_InterfaceStrDescriptor  usbd_desc.o
    0x080026c8   0x080026c8   0x0000000c   Code   RO          463    i.USBD_FS_LangIDStrDescriptor  usbd_desc.o
    0x080026d4   0x080026d4   0x00000028   Code   RO          464    i.USBD_FS_ManufacturerStrDescriptor  usbd_desc.o
    0x080026fc   0x080026fc   0x00000028   Code   RO          465    i.USBD_FS_ProductStrDescriptor  usbd_desc.o
    0x08002724   0x08002724   0x00000038   Code   RO          466    i.USBD_FS_SerialStrDescriptor  usbd_desc.o
    0x0800275c   0x0800275c   0x000000e8   Code   RO         2944    i.USBD_GetDescriptor  usbd_ctlreq.o
    0x08002844   0x08002844   0x00000048   Code   RO         2945    i.USBD_GetString    usbd_ctlreq.o
    0x0800288c   0x0800288c   0x00000018   Code   RO          600    i.USBD_Get_USB_Status  usbd_conf.o
    0x080028a4   0x080028a4   0x0000002a   Code   RO         2807    i.USBD_Init         usbd_core.o
    0x080028ce   0x080028ce   0x00000012   Code   RO          601    i.USBD_LL_ClearStallEP  usbd_conf.o
    0x080028e0   0x080028e0   0x00000012   Code   RO          602    i.USBD_LL_CloseEP   usbd_conf.o
    0x080028f2   0x080028f2   0x000000c6   Code   RO         2808    i.USBD_LL_DataInStage  usbd_core.o
    0x080029b8   0x080029b8   0x00000082   Code   RO         2809    i.USBD_LL_DataOutStage  usbd_core.o
    0x08002a3a   0x08002a3a   0x00000002   PAD
    0x08002a3c   0x08002a3c   0x00000070   Code   RO          607    i.USBD_LL_Init      usbd_conf.o
    0x08002aac   0x08002aac   0x00000020   Code   RO          608    i.USBD_LL_IsStallEP  usbd_conf.o
    0x08002acc   0x08002acc   0x00000018   Code   RO          609    i.USBD_LL_OpenEP    usbd_conf.o
    0x08002ae4   0x08002ae4   0x00000012   Code   RO          610    i.USBD_LL_PrepareReceive  usbd_conf.o
    0x08002af6   0x08002af6   0x00000050   Code   RO         2814    i.USBD_LL_Reset     usbd_core.o
    0x08002b46   0x08002b46   0x00000014   Code   RO         2815    i.USBD_LL_Resume    usbd_core.o
    0x08002b5a   0x08002b5a   0x00000018   Code   RO         2816    i.USBD_LL_SOF       usbd_core.o
    0x08002b72   0x08002b72   0x00000006   Code   RO         2817    i.USBD_LL_SetSpeed  usbd_core.o
    0x08002b78   0x08002b78   0x00000012   Code   RO          611    i.USBD_LL_SetUSBAddress  usbd_conf.o
    0x08002b8a   0x08002b8a   0x0000005a   Code   RO         2818    i.USBD_LL_SetupStage  usbd_core.o
    0x08002be4   0x08002be4   0x00000012   Code   RO          612    i.USBD_LL_StallEP   usbd_conf.o
    0x08002bf6   0x08002bf6   0x00000012   Code   RO          613    i.USBD_LL_Start     usbd_conf.o
    0x08002c08   0x08002c08   0x00000012   Code   RO         2819    i.USBD_LL_Suspend   usbd_core.o
    0x08002c1a   0x08002c1a   0x00000012   Code   RO          615    i.USBD_LL_Transmit  usbd_conf.o
    0x08002c2c   0x08002c2c   0x00000028   Code   RO         2946    i.USBD_ParseSetupRequest  usbd_ctlreq.o
    0x08002c54   0x08002c54   0x00000010   Code   RO         2820    i.USBD_RegisterClass  usbd_core.o
    0x08002c64   0x08002c64   0x00000016   Code   RO         2822    i.USBD_SetClassConfig  usbd_core.o
    0x08002c7a   0x08002c7a   0x00000002   PAD
    0x08002c7c   0x08002c7c   0x00000084   Code   RO         2947    i.USBD_SetConfig    usbd_ctlreq.o
    0x08002d00   0x08002d00   0x0000000a   Code   RO         2823    i.USBD_Start        usbd_core.o
    0x08002d0a   0x08002d0a   0x00000112   Code   RO         2948    i.USBD_StdDevReq    usbd_ctlreq.o
    0x08002e1c   0x08002e1c   0x00000150   Code   RO         2949    i.USBD_StdEPReq     usbd_ctlreq.o
    0x08002f6c   0x08002f6c   0x0000004e   Code   RO         2950    i.USBD_StdItfReq    usbd_ctlreq.o
    0x08002fba   0x08002fba   0x00000002   Code   RO          616    i.USBD_static_free  usbd_conf.o
    0x08002fbc   0x08002fbc   0x00000008   Code   RO          617    i.USBD_static_malloc  usbd_conf.o
    0x08002fc4   0x08002fc4   0x00000272   Code   RO         1219    i.USB_ActivateEndpoint  stm32f1xx_ll_usb.o
    0x08003236   0x08003236   0x00000004   Code   RO         1222    i.USB_CoreInit      stm32f1xx_ll_usb.o
    0x0800323a   0x0800323a   0x00000110   Code   RO         1224    i.USB_DeactivateEndpoint  stm32f1xx_ll_usb.o
    0x0800334a   0x0800334a   0x00000004   Code   RO         1225    i.USB_DevConnect    stm32f1xx_ll_usb.o
    0x0800334e   0x0800334e   0x00000004   Code   RO         1226    i.USB_DevDisconnect  stm32f1xx_ll_usb.o
    0x08003352   0x08003352   0x00000012   Code   RO         1227    i.USB_DevInit       stm32f1xx_ll_usb.o
    0x08003364   0x08003364   0x0000000e   Code   RO         1228    i.USB_DisableGlobalInt  stm32f1xx_ll_usb.o
    0x08003372   0x08003372   0x00000004   Code   RO         1229    i.USB_EP0_OutStart  stm32f1xx_ll_usb.o
    0x08003376   0x08003376   0x00000074   Code   RO         1230    i.USB_EPClearStall  stm32f1xx_ll_usb.o
    0x080033ea   0x080033ea   0x00000032   Code   RO         1231    i.USB_EPSetStall    stm32f1xx_ll_usb.o
    0x0800341c   0x0800341c   0x00000608   Code   RO         1232    i.USB_EPStartXfer   stm32f1xx_ll_usb.o
    0x08003a24   0x08003a24   0x00000012   Code   RO         1233    i.USB_EnableGlobalInt  stm32f1xx_ll_usb.o
    0x08003a36   0x08003a36   0x00000002   PAD
    0x08003a38   0x08003a38   0x0000000c   Code   RO          316    i.USB_LP_CAN1_RX0_IRQHandler  stm32f1xx_it.o
    0x08003a44   0x08003a44   0x00000006   Code   RO         1240    i.USB_ReadInterrupts  stm32f1xx_ll_usb.o
    0x08003a4a   0x08003a4a   0x0000002a   Code   RO         1241    i.USB_ReadPMA       stm32f1xx_ll_usb.o
    0x08003a74   0x08003a74   0x00000004   Code   RO         1242    i.USB_SetCurrentMode  stm32f1xx_ll_usb.o
    0x08003a78   0x08003a78   0x0000000c   Code   RO         1243    i.USB_SetDevAddress  stm32f1xx_ll_usb.o
    0x08003a84   0x08003a84   0x00000026   Code   RO         1245    i.USB_WritePMA      stm32f1xx_ll_usb.o
    0x08003aaa   0x08003aaa   0x00000002   Code   RO          317    i.UsageFault_Handler  stm32f1xx_it.o
    0x08003aac   0x08003aac   0x00000020   Code   RO         3296    i.__0printf$5       mc_w.l(printf5.o)
    0x08003acc   0x08003acc   0x00000020   Code   RO         1887    i.__NVIC_SetPriority  stm32f1xx_hal_cortex.o
    0x08003aec   0x08003aec   0x0000000e   Code   RO         3466    i.__scatterload_copy  mc_w.l(handlers.o)
    0x08003afa   0x08003afa   0x00000002   Code   RO         3467    i.__scatterload_null  mc_w.l(handlers.o)
    0x08003afc   0x08003afc   0x0000000e   Code   RO         3468    i.__scatterload_zeroinit  mc_w.l(handlers.o)
    0x08003b0a   0x08003b0a   0x00000002   PAD
    0x08003b0c   0x08003b0c   0x000002c0   Code   RO         3303    i._printf_core      mc_w.l(printf5.o)
    0x08003dcc   0x08003dcc   0x00000018   Code   RO           16    i.fputc             main.o
    0x08003de4   0x08003de4   0x0000011c   Code   RO           17    i.main              main.o
    0x08003f00   0x08003f00   0x00000010   Data   RO         2769    .constdata          system_stm32f1xx.o
    0x08003f10   0x08003f10   0x00000008   Data   RO         2770    .constdata          system_stm32f1xx.o
    0x08003f18   0x08003f18   0x00000020   Data   RO         3464    Region$$Table       anon$$obj.o


    Execution Region RW_IRAM1 (Exec base: 0x20000000, Load base: 0x08003f38, Size: 0x00001088, Max: 0x00010000, ABSOLUTE, COMPRESSED[0x00000220])

    Exec Addr    Load Addr    Size         Type   Attr      Idx    E Section Name        Object

    0x20000000   COMPRESSED   0x0000000c   Data   RW           22    .data               main.o
    0x2000000c   COMPRESSED   0x0000001c   Data   RW          468    .data               usbd_desc.o
    0x20000028   COMPRESSED   0x00000032   Data   RW          469    .data               usbd_desc.o
    0x2000005a   COMPRESSED   0x00000002   PAD
    0x2000005c   COMPRESSED   0x000001d3   Data   RW          548    .data               usbd_custom_hid_if.o
    0x2000022f   COMPRESSED   0x00000001   PAD
    0x20000230   COMPRESSED   0x00000010   Data   RW          549    .data               usbd_custom_hid_if.o
    0x20000240   COMPRESSED   0x00000008   Data   RW          815    .data               tm_stm32_usb_hid_device.o
    0x20000248   COMPRESSED   0x0000000c   Data   RW         1424    .data               stm32f1xx_hal.o
    0x20000254   COMPRESSED   0x00000004   Data   RW         2771    .data               system_stm32f1xx.o
    0x20000258   COMPRESSED   0x00000001   Data   RW         2951    .data               usbd_ctlreq.o
    0x20000259   COMPRESSED   0x00000003   PAD
    0x2000025c   COMPRESSED   0x00000038   Data   RW         3080    .data               usbd_customhid.o
    0x20000294   COMPRESSED   0x0000009a   Data   RW         3081    .data               usbd_customhid.o
    0x2000032e   COMPRESSED   0x00000002   PAD
    0x20000330   COMPRESSED   0x00000004   Data   RW         3440    .data               mc_w.l(stdout.o)
    0x20000334        -       0x00000010   Zero   RW           19    .bss                main.o
    0x20000344        -       0x000000cc   Zero   RW          262    .bss                usart.o
    0x20000410        -       0x000002c4   Zero   RW          425    .bss                usb_device.o
    0x200006d4        -       0x00000200   Zero   RW          467    .bss                usbd_desc.o
    0x200008d4        -       0x00000344   Zero   RW          618    .bss                usbd_conf.o
    0x20000c18        -       0x00000040   Zero   RW          812    .bss                tm_stm32_usb_hid_device.o
    0x20000c58        -       0x0000002c   Zero   RW          814    .bss                tm_stm32_usb_hid_device.o
    0x20000c84   COMPRESSED   0x00000004   PAD
    0x20000c88        -       0x00000400   Zero   RW            1    STACK               startup_stm32f103xb.o


==============================================================================

Image component sizes


      Code (inc. data)   RO Data    RW Data    ZI Data      Debug   Object Name

        44          4          0          0          0        774   dma.o
        44          6          0          0          0        799   gpio.o
       458         56          0         12         16     445601   main.o
        36          8        236          0       1024        812   startup_stm32f103xb.o
       128         24          0         12          0       5361   stm32f1xx_hal.o
       198         14          0          0          0      28959   stm32f1xx_hal_cortex.o
       660         32          0          0          0       4319   stm32f1xx_hal_dma.o
       460         34          0          0          0       2236   stm32f1xx_hal_gpio.o
        60          8          0          0          0        898   stm32f1xx_hal_msp.o
      2934          0          0          0          0      14077   stm32f1xx_hal_pcd.o
        60          0          0          0          0       1190   stm32f1xx_hal_pcd_ex.o
      1276        100          0          0          0       5392   stm32f1xx_hal_rcc.o
       232         12          0          0          0       1460   stm32f1xx_hal_rcc_ex.o
      1066         20          0          0          0      11393   stm32f1xx_hal_uart.o
       130         26          0          0          0       6021   stm32f1xx_it.o
      2776          0          0          0          0      18519   stm32f1xx_ll_usb.o
         2          0         24          4          0       1143   system_stm32f1xx.o
       276         12          0          8        108       5326   tm_stm32_usb_hid_device.o
       372         40          0          0        204       2506   usart.o
        84         18          0          0        708        812   usb_device.o
       532         30          0          0        836      13969   usbd_conf.o
       670          0          0          0          0       9587   usbd_core.o
      1186         28          0          1          0       8160   usbd_ctlreq.o
        12          0          0        483          0       2168   usbd_custom_hid_if.o
       596         50          0        210          0      11087   usbd_customhid.o
       298        116          0         78        512       6145   usbd_desc.o
       132          0          0          0          0       4388   usbd_ioreq.o

    ----------------------------------------------------------------------
     14744        638        292        816       3412     613102   Object Totals
         0          0         32          0          0          0   (incl. Generated)
        22          0          0          8          4          0   (incl. Padding)

    ----------------------------------------------------------------------

      Code (inc. data)   RO Data    RW Data    ZI Data      Debug   Library Member Name

        86          0          0          0          0          0   __dczerorl2.o
         0          0          0          0          0          0   entry.o
         0          0          0          0          0          0   entry10a.o
         0          0          0          0          0          0   entry11a.o
         4          0          0          0          0          0   entry12b.o
         8          4          0          0          0          0   entry2.o
         4          0          0          0          0          0   entry5.o
         0          0          0          0          0          0   entry7b.o
         0          0          0          0          0          0   entry8b.o
         8          4          0          0          0          0   entry9a.o
        30          0          0          0          0          0   handlers.o
        36          8          0          0          0         68   init.o
        30          0          0          0          0         68   llshl.o
        32          0          0          0          0         68   llushr.o
        36          0          0          0          0         68   memcpya.o
        36          0          0          0          0        108   memseta.o
       736         54          0          0          0        184   printf5.o
         0          0          0          4          0          0   stdout.o
        98          0          0          0          0         92   uldiv.o

    ----------------------------------------------------------------------
      1148         70          0          4          0        656   Library Totals
         4          0          0          0          0          0   (incl. Padding)

    ----------------------------------------------------------------------

      Code (inc. data)   RO Data    RW Data    ZI Data      Debug   Library Name

      1144         70          0          4          0        656   mc_w.l

    ----------------------------------------------------------------------
      1148         70          0          4          0        656   Library Totals

    ----------------------------------------------------------------------

==============================================================================


      Code (inc. data)   RO Data    RW Data    ZI Data      Debug   

     15892        708        292        820       3412     605306   Grand Totals
     15892        708        292        544       3412     605306   ELF Image Totals (compressed)
     15892        708        292        544          0          0   ROM Totals

==============================================================================

    Total RO  Size (Code + RO Data)                16184 (  15.80kB)
    Total RW  Size (RW Data + ZI Data)              4232 (   4.13kB)
    Total ROM Size (Code + RO Data + RW Data)      16728 (  16.34kB)

==============================================================================

